Archive member included to satisfy reference by file (symbol)

/Users/babatatsuya/Applications/gcc-arm-none-eabi-6-2017-q1-update/bin/../lib/gcc/arm-none-eabi/6.3.1/../../../../arm-none-eabi/lib/thumb/v7e-m/fpv4-sp/hard/libc_nano.a(lib_a-exit.o)
                              /Users/babatatsuya/Applications/gcc-arm-none-eabi-6-2017-q1-update/bin/../lib/gcc/arm-none-eabi/6.3.1/../../../../arm-none-eabi/lib/thumb/v7e-m/fpv4-sp/hard/crt0.o (exit)
/Users/babatatsuya/Applications/gcc-arm-none-eabi-6-2017-q1-update/bin/../lib/gcc/arm-none-eabi/6.3.1/../../../../arm-none-eabi/lib/thumb/v7e-m/fpv4-sp/hard/libc_nano.a(lib_a-impure.o)
                              /Users/babatatsuya/Applications/gcc-arm-none-eabi-6-2017-q1-update/bin/../lib/gcc/arm-none-eabi/6.3.1/../../../../arm-none-eabi/lib/thumb/v7e-m/fpv4-sp/hard/libc_nano.a(lib_a-exit.o) (_global_impure_ptr)
/Users/babatatsuya/Applications/gcc-arm-none-eabi-6-2017-q1-update/bin/../lib/gcc/arm-none-eabi/6.3.1/../../../../arm-none-eabi/lib/thumb/v7e-m/fpv4-sp/hard/libc_nano.a(lib_a-init.o)
                              /Users/babatatsuya/Applications/gcc-arm-none-eabi-6-2017-q1-update/bin/../lib/gcc/arm-none-eabi/6.3.1/../../../../arm-none-eabi/lib/thumb/v7e-m/fpv4-sp/hard/crt0.o (__libc_init_array)
/Users/babatatsuya/Applications/gcc-arm-none-eabi-6-2017-q1-update/bin/../lib/gcc/arm-none-eabi/6.3.1/../../../../arm-none-eabi/lib/thumb/v7e-m/fpv4-sp/hard/libc_nano.a(lib_a-memset.o)
                              /Users/babatatsuya/Applications/gcc-arm-none-eabi-6-2017-q1-update/bin/../lib/gcc/arm-none-eabi/6.3.1/../../../../arm-none-eabi/lib/thumb/v7e-m/fpv4-sp/hard/crt0.o (memset)
/Users/babatatsuya/Applications/gcc-arm-none-eabi-6-2017-q1-update/bin/../lib/gcc/arm-none-eabi/6.3.1/../../../../arm-none-eabi/lib/thumb/v7e-m/fpv4-sp/hard/libnosys.a(_exit.o)
                              /Users/babatatsuya/Applications/gcc-arm-none-eabi-6-2017-q1-update/bin/../lib/gcc/arm-none-eabi/6.3.1/../../../../arm-none-eabi/lib/thumb/v7e-m/fpv4-sp/hard/libc_nano.a(lib_a-exit.o) (_exit)

Allocating common symbols
Common symbol       size              file

hi2c1               0x4c              build/main.o
uwTick              0x4               build/stm32f3xx_hal.o
pFlash              0x20              build/stm32f3xx_hal_flash.o
htim3               0x40              build/main.o
htim6               0x40              build/main.o
hlcd                0xc               build/main.o

Discarded input sections

 .text          0x0000000000000000        0x0 /Users/babatatsuya/Applications/gcc-arm-none-eabi-6-2017-q1-update/bin/../lib/gcc/arm-none-eabi/6.3.1/thumb/v7e-m/fpv4-sp/hard/crti.o
 .data          0x0000000000000000        0x0 /Users/babatatsuya/Applications/gcc-arm-none-eabi-6-2017-q1-update/bin/../lib/gcc/arm-none-eabi/6.3.1/thumb/v7e-m/fpv4-sp/hard/crti.o
 .bss           0x0000000000000000        0x0 /Users/babatatsuya/Applications/gcc-arm-none-eabi-6-2017-q1-update/bin/../lib/gcc/arm-none-eabi/6.3.1/thumb/v7e-m/fpv4-sp/hard/crti.o
 .data          0x0000000000000000        0x4 /Users/babatatsuya/Applications/gcc-arm-none-eabi-6-2017-q1-update/bin/../lib/gcc/arm-none-eabi/6.3.1/thumb/v7e-m/fpv4-sp/hard/crtbegin.o
 .text          0x0000000000000000       0x74 /Users/babatatsuya/Applications/gcc-arm-none-eabi-6-2017-q1-update/bin/../lib/gcc/arm-none-eabi/6.3.1/../../../../arm-none-eabi/lib/thumb/v7e-m/fpv4-sp/hard/crt0.o
 .data          0x0000000000000000        0x0 /Users/babatatsuya/Applications/gcc-arm-none-eabi-6-2017-q1-update/bin/../lib/gcc/arm-none-eabi/6.3.1/../../../../arm-none-eabi/lib/thumb/v7e-m/fpv4-sp/hard/crt0.o
 .bss           0x0000000000000000        0x0 /Users/babatatsuya/Applications/gcc-arm-none-eabi-6-2017-q1-update/bin/../lib/gcc/arm-none-eabi/6.3.1/../../../../arm-none-eabi/lib/thumb/v7e-m/fpv4-sp/hard/crt0.o
 .ARM.extab     0x0000000000000000        0x0 /Users/babatatsuya/Applications/gcc-arm-none-eabi-6-2017-q1-update/bin/../lib/gcc/arm-none-eabi/6.3.1/../../../../arm-none-eabi/lib/thumb/v7e-m/fpv4-sp/hard/crt0.o
 .ARM.exidx     0x0000000000000000        0x8 /Users/babatatsuya/Applications/gcc-arm-none-eabi-6-2017-q1-update/bin/../lib/gcc/arm-none-eabi/6.3.1/../../../../arm-none-eabi/lib/thumb/v7e-m/fpv4-sp/hard/crt0.o
 .ARM.attributes
                0x0000000000000000       0x20 /Users/babatatsuya/Applications/gcc-arm-none-eabi-6-2017-q1-update/bin/../lib/gcc/arm-none-eabi/6.3.1/../../../../arm-none-eabi/lib/thumb/v7e-m/fpv4-sp/hard/crt0.o
 .text          0x0000000000000000        0x0 build/stm32f3xx_hal_flash_ex.o
 .data          0x0000000000000000        0x0 build/stm32f3xx_hal_flash_ex.o
 .bss           0x0000000000000000        0x0 build/stm32f3xx_hal_flash_ex.o
 .text.FLASH_MassErase
                0x0000000000000000       0x24 build/stm32f3xx_hal_flash_ex.o
 .text.FLASH_OB_GetWRP
                0x0000000000000000        0xc build/stm32f3xx_hal_flash_ex.o
 .text.FLASH_OB_GetRDP
[...]
Memory Configuration

Name             Origin             Length             Attributes
RAM              0x0000000020000000 0x0000000000003000 xrw
CCMRAM           0x0000000010000000 0x0000000000001000 rw
FLASH            0x0000000008000000 0x0000000000010000 xr
*default*        0x0000000000000000 0xffffffffffffffff

Linker script and memory map

LOAD /Users/babatatsuya/Applications/gcc-arm-none-eabi-6-2017-q1-update/bin/../lib/gcc/arm-none-eabi/6.3.1/thumb/v7e-m/fpv4-sp/hard/crti.o
LOAD /Users/babatatsuya/Applications/gcc-arm-none-eabi-6-2017-q1-update/bin/../lib/gcc/arm-none-eabi/6.3.1/thumb/v7e-m/fpv4-sp/hard/crtbegin.o
LOAD /Users/babatatsuya/Applications/gcc-arm-none-eabi-6-2017-q1-update/bin/../lib/gcc/arm-none-eabi/6.3.1/../../../../arm-none-eabi/lib/thumb/v7e-m/fpv4-sp/hard/crt0.o
LOAD build/stm32f3xx_hal_flash_ex.o
LOAD build/stm32f3xx_hal_pwr_ex.o
LOAD build/stm32f3xx_hal_tim.o
LOAD build/stm32f3xx_hal_flash.o
LOAD build/stm32f3xx_hal_i2c_ex.o
LOAD build/stm32f3xx_hal_rcc_ex.o
LOAD build/stm32f3xx_hal_pwr.o
LOAD build/stm32f3xx_hal_i2c.o
LOAD build/stm32f3xx_hal_gpio.o
LOAD build/stm32f3xx_hal_cortex.o
LOAD build/stm32f3xx_hal.o
LOAD build/stm32f3xx_hal_tim_ex.o
LOAD build/stm32f3xx_hal_dma.o
LOAD build/stm32f3xx_hal_rcc.o
LOAD build/system_stm32f3xx.o
LOAD build/stm32f3xx_hal_msp.o
LOAD build/stm32f3xx_it.o
LOAD build/main.o
LOAD build/LCD.o
LOAD build/startup_stm32f303x8.o
LOAD /Users/babatatsuya/Applications/gcc-arm-none-eabi-6-2017-q1-update/bin/../lib/gcc/arm-none-eabi/6.3.1/../../../../arm-none-eabi/lib/thumb/v7e-m/fpv4-sp/hard/libc_nano.a
LOAD /Users/babatatsuya/Applications/gcc-arm-none-eabi-6-2017-q1-update/bin/../lib/gcc/arm-none-eabi/6.3.1/../../../../arm-none-eabi/lib/thumb/v7e-m/fpv4-sp/hard/libm.a
LOAD /Users/babatatsuya/Applications/gcc-arm-none-eabi-6-2017-q1-update/bin/../lib/gcc/arm-none-eabi/6.3.1/../../../../arm-none-eabi/lib/thumb/v7e-m/fpv4-sp/hard/libnosys.a
START GROUP
LOAD /Users/babatatsuya/Applications/gcc-arm-none-eabi-6-2017-q1-update/bin/../lib/gcc/arm-none-eabi/6.3.1/thumb/v7e-m/fpv4-sp/hard/libgcc.a
LOAD /Users/babatatsuya/Applications/gcc-arm-none-eabi-6-2017-q1-update/bin/../lib/gcc/arm-none-eabi/6.3.1/../../../../arm-none-eabi/lib/thumb/v7e-m/fpv4-sp/hard/libg_nano.a
LOAD /Users/babatatsuya/Applications/gcc-arm-none-eabi-6-2017-q1-update/bin/../lib/gcc/arm-none-eabi/6.3.1/../../../../arm-none-eabi/lib/thumb/v7e-m/fpv4-sp/hard/libc_nano.a
END GROUP
START GROUP
LOAD /Users/babatatsuya/Applications/gcc-arm-none-eabi-6-2017-q1-update/bin/../lib/gcc/arm-none-eabi/6.3.1/thumb/v7e-m/fpv4-sp/hard/libgcc.a
LOAD /Users/babatatsuya/Applications/gcc-arm-none-eabi-6-2017-q1-update/bin/../lib/gcc/arm-none-eabi/6.3.1/../../../../arm-none-eabi/lib/thumb/v7e-m/fpv4-sp/hard/libc_nano.a
END GROUP
LOAD /Users/babatatsuya/Applications/gcc-arm-none-eabi-6-2017-q1-update/bin/../lib/gcc/arm-none-eabi/6.3.1/thumb/v7e-m/fpv4-sp/hard/crtend.o
LOAD /Users/babatatsuya/Applications/gcc-arm-none-eabi-6-2017-q1-update/bin/../lib/gcc/arm-none-eabi/6.3.1/thumb/v7e-m/fpv4-sp/hard/crtn.o
                0x0000000020003000                _estack = 0x20003000
                0x0000000000000200                _Min_Heap_Size = 0x200
                0x0000000000000400                _Min_Stack_Size = 0x400

.isr_vector     0x0000000008000000      0x188
                0x0000000008000000                . = ALIGN (0x4)
 *(.isr_vector)
 .isr_vector    0x0000000008000000      0x188 build/startup_stm32f303x8.o
                0x0000000008000000                g_pfnVectors
                0x0000000008000188                . = ALIGN (0x4)

.text           0x0000000008000188     0x22d4
                0x0000000008000188                . = ALIGN (0x4)
 *(.text)
 .text          0x0000000008000188       0x6c /Users/babatatsuya/Applications/gcc-arm-none-eabi-6-2017-q1-update/bin/../lib/gcc/arm-none-eabi/6.3.1/thumb/v7e-m/fpv4-sp/hard/crtbegin.o
 *(.text*)
 .text.TIM_TI1_ConfigInputStage
                0x00000000080001f4       0x26 build/stm32f3xx_hal_tim.o
 .text.TIM_TI2_ConfigInputStage
                0x000000000800021a       0x28 build/stm32f3xx_hal_tim.o
 .text.TIM_ITRx_SetConfig
                0x0000000008000242       0x10 build/stm32f3xx_hal_tim.o
 .text.HAL_TIM_Base_Start_IT
                0x0000000008000252       0x18 build/stm32f3xx_hal_tim.o
                0x0000000008000252                HAL_TIM_Base_Start_IT
 .text.HAL_TIM_PWM_MspInit
                0x000000000800026a        0x2 build/stm32f3xx_hal_tim.o
                0x000000000800026a                HAL_TIM_PWM_MspInit
 .text.HAL_TIM_OC_DelayElapsedCallback
                0x000000000800026c        0x2 build/stm32f3xx_hal_tim.o
                0x000000000800026c                HAL_TIM_OC_DelayElapsedCallback
 .text.HAL_TIM_IC_CaptureCallback
                0x000000000800026e        0x2 build/stm32f3xx_hal_tim.o
                0x000000000800026e                HAL_TIM_IC_CaptureCallback
 .text.HAL_TIM_PWM_PulseFinishedCallback
                0x0000000008000270        0x2 build/stm32f3xx_hal_tim.o
                0x0000000008000270                HAL_TIM_PWM_PulseFinishedCallback
 .text.HAL_TIM_TriggerCallback
                0x0000000008000272        0x2 build/stm32f3xx_hal_tim.o
                0x0000000008000272                HAL_TIM_TriggerCallback
 .text.HAL_TIM_IRQHandler
                0x0000000008000274      0x19a build/stm32f3xx_hal_tim.o
                0x0000000008000274                HAL_TIM_IRQHandler
 *fill*         0x000000000800040e        0x2 
 .text.TIM_Base_SetConfig
                0x0000000008000410       0x94 build/stm32f3xx_hal_tim.o
                0x0000000008000410                TIM_Base_SetConfig
 .text.HAL_TIM_Base_Init
                0x00000000080004a4       0x32 build/stm32f3xx_hal_tim.o
                0x00000000080004a4                HAL_TIM_Base_Init
 .text.HAL_TIM_PWM_Init
                0x00000000080004d6       0x32 build/stm32f3xx_hal_tim.o
                0x00000000080004d6                HAL_TIM_PWM_Init
 .text.TIM_OC1_SetConfig
                0x0000000008000508       0x8c build/stm32f3xx_hal_tim.o
                0x0000000008000508                TIM_OC1_SetConfig
 .text.TIM_OC2_SetConfig
                0x0000000008000594       0x80 build/stm32f3xx_hal_tim.o
                0x0000000008000594                TIM_OC2_SetConfig
 .text.TIM_OC3_SetConfig
                0x0000000008000614       0x7c build/stm32f3xx_hal_tim.o
                0x0000000008000614                TIM_OC3_SetConfig
 .text.TIM_OC4_SetConfig
                0x0000000008000690       0x64 build/stm32f3xx_hal_tim.o
                0x0000000008000690                TIM_OC4_SetConfig
 .text.TIM_ETR_SetConfig
                0x00000000080006f4       0x18 build/stm32f3xx_hal_tim.o
                0x00000000080006f4                TIM_ETR_SetConfig
 .text.HAL_TIM_ConfigClockSource
                0x000000000800070c      0x118 build/stm32f3xx_hal_tim.o
                0x000000000800070c                HAL_TIM_ConfigClockSource
 .text.TIM_CCxChannelCmd
                0x0000000008000824       0x1e build/stm32f3xx_hal_tim.o
                0x0000000008000824                TIM_CCxChannelCmd
 *fill*         0x0000000008000842        0x2 
 .text.HAL_TIM_PWM_Start
                0x0000000008000844       0x5c build/stm32f3xx_hal_tim.o
                0x0000000008000844                HAL_TIM_PWM_Start
 .text.HAL_I2CEx_ConfigAnalogFilter
                0x00000000080008a0       0x5c build/stm32f3xx_hal_i2c_ex.o
                0x00000000080008a0                HAL_I2CEx_ConfigAnalogFilter
 .text.HAL_I2CEx_ConfigDigitalFilter
                0x00000000080008fc       0x58 build/stm32f3xx_hal_i2c_ex.o
                0x00000000080008fc                HAL_I2CEx_ConfigDigitalFilter
 .text.HAL_RCCEx_PeriphCLKConfig
                0x0000000008000954      0x198 build/stm32f3xx_hal_rcc_ex.o
                0x0000000008000954                HAL_RCCEx_PeriphCLKConfig
 .text.I2C_Flush_TXDR
                0x0000000008000aec       0x22 build/stm32f3xx_hal_i2c.o
 .text.I2C_TransferConfig
                0x0000000008000b0e       0x36 build/stm32f3xx_hal_i2c.o
 .text.I2C_IsAcknowledgeFailed
                0x0000000008000b44       0x82 build/stm32f3xx_hal_i2c.o
 .text.I2C_WaitOnTXISFlagUntilTimeout
                0x0000000008000bc6       0x54 build/stm32f3xx_hal_i2c.o
 .text.I2C_WaitOnFlagUntilTimeout
                0x0000000008000c1a       0x48 build/stm32f3xx_hal_i2c.o
 .text.I2C_WaitOnSTOPFlagUntilTimeout
                0x0000000008000c62       0x4e build/stm32f3xx_hal_i2c.o
 .text.HAL_I2C_Init
                0x0000000008000cb0       0xbc build/stm32f3xx_hal_i2c.o
                0x0000000008000cb0                HAL_I2C_Init
 .text.HAL_I2C_Master_Transmit
                0x0000000008000d6c      0x188 build/stm32f3xx_hal_i2c.o
                0x0000000008000d6c                HAL_I2C_Master_Transmit
 .text.HAL_GPIO_Init
                0x0000000008000ef4      0x194 build/stm32f3xx_hal_gpio.o
                0x0000000008000ef4                HAL_GPIO_Init
 .text.HAL_GPIO_EXTI_IRQHandler
                0x0000000008001088       0x1c build/stm32f3xx_hal_gpio.o
                0x0000000008001088                HAL_GPIO_EXTI_IRQHandler
 .text.HAL_NVIC_SetPriorityGrouping
                0x00000000080010a4       0x24 build/stm32f3xx_hal_cortex.o
                0x00000000080010a4                HAL_NVIC_SetPriorityGrouping
 .text.HAL_NVIC_SetPriority
                0x00000000080010c8       0x64 build/stm32f3xx_hal_cortex.o
                0x00000000080010c8                HAL_NVIC_SetPriority
 .text.HAL_NVIC_EnableIRQ
                0x000000000800112c       0x18 build/stm32f3xx_hal_cortex.o
                0x000000000800112c                HAL_NVIC_EnableIRQ
 .text.HAL_SYSTICK_Config
                0x0000000008001144       0x2c build/stm32f3xx_hal_cortex.o
                0x0000000008001144                HAL_SYSTICK_Config
 .text.HAL_SYSTICK_CLKSourceConfig
                0x0000000008001170       0x20 build/stm32f3xx_hal_cortex.o
                0x0000000008001170                HAL_SYSTICK_CLKSourceConfig
 .text.HAL_SYSTICK_Callback
                0x0000000008001190        0x2 build/stm32f3xx_hal_cortex.o
                0x0000000008001190                HAL_SYSTICK_Callback
 .text.HAL_SYSTICK_IRQHandler
                0x0000000008001192        0x8 build/stm32f3xx_hal_cortex.o
                0x0000000008001192                HAL_SYSTICK_IRQHandler
 *fill*         0x000000000800119a        0x2 
 .text.HAL_InitTick
                0x000000000800119c       0x4c build/stm32f3xx_hal.o
                0x000000000800119c                HAL_InitTick
 .text.HAL_Init
                0x00000000080011e8       0x24 build/stm32f3xx_hal.o
                0x00000000080011e8                HAL_Init
 .text.HAL_IncTick
                0x000000000800120c       0x18 build/stm32f3xx_hal.o
                0x000000000800120c                HAL_IncTick
 .text.HAL_GetTick
                0x0000000008001224        0xc build/stm32f3xx_hal.o
                0x0000000008001224                HAL_GetTick
 .text.HAL_Delay
                0x0000000008001230       0x28 build/stm32f3xx_hal.o
                0x0000000008001230                HAL_Delay
 .text.TIM_OC5_SetConfig
                0x0000000008001258       0x60 build/stm32f3xx_hal_tim_ex.o
 .text.TIM_OC6_SetConfig
                0x00000000080012b8       0x64 build/stm32f3xx_hal_tim_ex.o
 .text.HAL_TIM_PWM_ConfigChannel
                0x000000000800131c      0x134 build/stm32f3xx_hal_tim_ex.o
                0x000000000800131c                HAL_TIM_PWM_ConfigChannel
 .text.HAL_TIMEx_MasterConfigSynchronization
                0x0000000008001450       0x50 build/stm32f3xx_hal_tim_ex.o
                0x0000000008001450                HAL_TIMEx_MasterConfigSynchronization
 .text.HAL_TIMEx_CommutationCallback
                0x00000000080014a0        0x2 build/stm32f3xx_hal_tim_ex.o
                0x00000000080014a0                HAL_TIMEx_CommutationCallback
 .text.HAL_TIMEx_BreakCallback
                0x00000000080014a2        0x2 build/stm32f3xx_hal_tim_ex.o
                0x00000000080014a2                HAL_TIMEx_BreakCallback
 .text.HAL_TIMEx_Break2Callback
                0x00000000080014a4        0x2 build/stm32f3xx_hal_tim_ex.o
                0x00000000080014a4                HAL_TIMEx_Break2Callback
 *fill*         0x00000000080014a6        0x2 
 .text.HAL_RCC_OscConfig
                0x00000000080014a8      0x60c build/stm32f3xx_hal_rcc.o
                0x00000000080014a8                HAL_RCC_OscConfig
 .text.HAL_RCC_GetSysClockFreq
                0x0000000008001ab4       0x70 build/stm32f3xx_hal_rcc.o
                0x0000000008001ab4                HAL_RCC_GetSysClockFreq
 .text.HAL_RCC_ClockConfig
                0x0000000008001b24      0x1d4 build/stm32f3xx_hal_rcc.o
                0x0000000008001b24                HAL_RCC_ClockConfig
 .text.HAL_RCC_GetHCLKFreq
                0x0000000008001cf8        0xc build/stm32f3xx_hal_rcc.o
                0x0000000008001cf8                HAL_RCC_GetHCLKFreq
 .text.SystemInit
                0x0000000008001d04       0x68 build/system_stm32f3xx.o
                0x0000000008001d04                SystemInit
 .text.HAL_MspInit
                0x0000000008001d6c       0x7c build/stm32f3xx_hal_msp.o
                0x0000000008001d6c                HAL_MspInit
 .text.HAL_I2C_MspInit
                0x0000000008001de8       0x54 build/stm32f3xx_hal_msp.o
                0x0000000008001de8                HAL_I2C_MspInit
 .text.HAL_TIM_Base_MspInit
                0x0000000008001e3c       0x60 build/stm32f3xx_hal_msp.o
                0x0000000008001e3c                HAL_TIM_Base_MspInit
 .text.HAL_TIM_MspPostInit
                0x0000000008001e9c       0x34 build/stm32f3xx_hal_msp.o
                0x0000000008001e9c                HAL_TIM_MspPostInit
 .text.NMI_Handler
                0x0000000008001ed0        0x2 build/stm32f3xx_it.o
                0x0000000008001ed0                NMI_Handler
 .text.HardFault_Handler
                0x0000000008001ed2        0x2 build/stm32f3xx_it.o
                0x0000000008001ed2                HardFault_Handler
 .text.MemManage_Handler
                0x0000000008001ed4        0x2 build/stm32f3xx_it.o
                0x0000000008001ed4                MemManage_Handler
 .text.BusFault_Handler
                0x0000000008001ed6        0x2 build/stm32f3xx_it.o
                0x0000000008001ed6                BusFault_Handler
 .text.UsageFault_Handler
                0x0000000008001ed8        0x2 build/stm32f3xx_it.o
                0x0000000008001ed8                UsageFault_Handler
 .text.SVC_Handler
                0x0000000008001eda        0x2 build/stm32f3xx_it.o
                0x0000000008001eda                SVC_Handler
 .text.DebugMon_Handler
                0x0000000008001edc        0x2 build/stm32f3xx_it.o
                0x0000000008001edc                DebugMon_Handler
 .text.PendSV_Handler
                0x0000000008001ede        0x2 build/stm32f3xx_it.o
                0x0000000008001ede                PendSV_Handler
 .text.SysTick_Handler
                0x0000000008001ee0        0xc build/stm32f3xx_it.o
                0x0000000008001ee0                SysTick_Handler
 .text.EXTI15_10_IRQHandler
                0x0000000008001eec       0x14 build/stm32f3xx_it.o
                0x0000000008001eec                EXTI15_10_IRQHandler
 .text.TIM6_DAC1_IRQHandler
                0x0000000008001f00       0x10 build/stm32f3xx_it.o
                0x0000000008001f00                TIM6_DAC1_IRQHandler
 .text.change_duty
                0x0000000008001f10       0x4e build/main.o
 *fill*         0x0000000008001f5e        0x2 
 .text.MX_GPIO_Init
                0x0000000008001f60       0x74 build/main.o
 .text.poll_sensers
                0x0000000008001fd4        0xe build/main.o
                0x0000000008001fd4                poll_sensers
 *fill*         0x0000000008001fe2        0x2 
 .text.HAL_GPIO_EXTI_Callback
                0x0000000008001fe4       0x58 build/main.o
                0x0000000008001fe4                HAL_GPIO_EXTI_Callback
 .text.HAL_TIM_PeriodElapsedCallback
                0x000000000800203c       0x18 build/main.o
                0x000000000800203c                HAL_TIM_PeriodElapsedCallback
 .text._Error_Handler
                0x0000000008002054        0x2 build/main.o
                0x0000000008002054                _Error_Handler
 *fill*         0x0000000008002056        0x2 
 .text.MX_TIM3_Init
                0x0000000008002058       0xf4 build/main.o
 .text.MX_TIM6_Init
                0x000000000800214c       0x58 build/main.o
 .text.MX_I2C1_Init
                0x00000000080021a4       0x68 build/main.o
 .text.SystemClock_Config
                0x000000000800220c       0x8c build/main.o
                0x000000000800220c                SystemClock_Config
 .text.main     0x0000000008002298       0x74 build/main.o
                0x0000000008002298                main
 .text.LCD_Calc_Code
                0x000000000800230c       0x12 build/LCD.o
 .text.LCD_Write_Byte
                0x000000000800231e       0x30 build/LCD.o
 .text.LCD_Send_Cmd
                0x000000000800234e       0x2c build/LCD.o
 .text.LCD_Write
                0x000000000800237a       0x1e build/LCD.o
                0x000000000800237a                LCD_Write
 .text.LCD_Clear
                0x0000000008002398       0x10 build/LCD.o
                0x0000000008002398                LCD_Clear
 .text.Reset_Handler
                0x00000000080023a8       0x50 build/startup_stm32f303x8.o
                0x00000000080023a8                Reset_Handler
 .text.Default_Handler
                0x00000000080023f8        0x2 build/startup_stm32f303x8.o
                0x00000000080023f8                TIM1_BRK_TIM15_IRQHandler
                0x00000000080023f8                TIM1_CC_IRQHandler
                0x00000000080023f8                PVD_IRQHandler
                0x00000000080023f8                TAMP_STAMP_IRQHandler
                0x00000000080023f8                EXTI3_IRQHandler
                0x00000000080023f8                EXTI0_IRQHandler
                0x00000000080023f8                FPU_IRQHandler
                0x00000000080023f8                CAN_TX_IRQHandler
                0x00000000080023f8                TIM1_UP_TIM16_IRQHandler
                0x00000000080023f8                ADC1_2_IRQHandler
                0x00000000080023f8                SPI1_IRQHandler
                0x00000000080023f8                CAN_SCE_IRQHandler
                0x00000000080023f8                DMA1_Channel4_IRQHandler
                0x00000000080023f8                USART3_IRQHandler
                0x00000000080023f8                DMA1_Channel7_IRQHandler
                0x00000000080023f8                TIM7_DAC2_IRQHandler
                0x00000000080023f8                CAN_RX1_IRQHandler
                0x00000000080023f8                I2C1_EV_IRQHandler
                0x00000000080023f8                DMA1_Channel6_IRQHandler
                0x00000000080023f8                TIM3_IRQHandler
                0x00000000080023f8                RCC_IRQHandler
                0x00000000080023f8                DMA1_Channel1_IRQHandler
                0x00000000080023f8                Default_Handler
                0x00000000080023f8                COMP2_IRQHandler
                0x00000000080023f8                EXTI9_5_IRQHandler
                0x00000000080023f8                RTC_WKUP_IRQHandler
                0x00000000080023f8                DMA1_Channel5_IRQHandler
                0x00000000080023f8                EXTI4_IRQHandler
                0x00000000080023f8                TIM1_TRG_COM_TIM17_IRQHandler
                0x00000000080023f8                DMA1_Channel3_IRQHandler
                0x00000000080023f8                WWDG_IRQHandler
                0x00000000080023f8                TIM2_IRQHandler
                0x00000000080023f8                EXTI1_IRQHandler
                0x00000000080023f8                COMP4_6_IRQHandler
                0x00000000080023f8                USART2_IRQHandler
                0x00000000080023f8                DMA1_Channel2_IRQHandler
                0x00000000080023f8                FLASH_IRQHandler
                0x00000000080023f8                USART1_IRQHandler
                0x00000000080023f8                CAN_RX0_IRQHandler
                0x00000000080023f8                I2C1_ER_IRQHandler
                0x00000000080023f8                EXTI2_TSC_IRQHandler
                0x00000000080023f8                RTC_Alarm_IRQHandler
 *fill*         0x00000000080023fa        0x2 
 .text.__libc_init_array
                0x00000000080023fc       0x48 /Users/babatatsuya/Applications/gcc-arm-none-eabi-6-2017-q1-update/bin/../lib/gcc/arm-none-eabi/6.3.1/../../../../arm-none-eabi/lib/thumb/v7e-m/fpv4-sp/hard/libc_nano.a(lib_a-init.o)
                0x00000000080023fc                __libc_init_array
 *(.glue_7)
 .glue_7        0x0000000008002444        0x0 linker stubs
 *(.glue_7t)
 .glue_7t       0x0000000008002444        0x0 linker stubs
 *(.eh_frame)
 .eh_frame      0x0000000008002444        0x0 /Users/babatatsuya/Applications/gcc-arm-none-eabi-6-2017-q1-update/bin/../lib/gcc/arm-none-eabi/6.3.1/thumb/v7e-m/fpv4-sp/hard/crtbegin.o
 *(.init)
 .init          0x0000000008002444        0x4 /Users/babatatsuya/Applications/gcc-arm-none-eabi-6-2017-q1-update/bin/../lib/gcc/arm-none-eabi/6.3.1/thumb/v7e-m/fpv4-sp/hard/crti.o
                0x0000000008002444                _init
 .init          0x0000000008002448        0x8 /Users/babatatsuya/Applications/gcc-arm-none-eabi-6-2017-q1-update/bin/../lib/gcc/arm-none-eabi/6.3.1/thumb/v7e-m/fpv4-sp/hard/crtn.o
 *(.fini)
 .fini          0x0000000008002450        0x4 /Users/babatatsuya/Applications/gcc-arm-none-eabi-6-2017-q1-update/bin/../lib/gcc/arm-none-eabi/6.3.1/thumb/v7e-m/fpv4-sp/hard/crti.o
                0x0000000008002450                _fini
 .fini          0x0000000008002454        0x8 /Users/babatatsuya/Applications/gcc-arm-none-eabi-6-2017-q1-update/bin/../lib/gcc/arm-none-eabi/6.3.1/thumb/v7e-m/fpv4-sp/hard/crtn.o
                0x000000000800245c                . = ALIGN (0x4)
                0x000000000800245c                _etext = .

.vfp11_veneer   0x000000000800245c        0x0
 .vfp11_veneer  0x000000000800245c        0x0 linker stubs

.v4_bx          0x000000000800245c        0x0
 .v4_bx         0x000000000800245c        0x0 linker stubs

.iplt           0x000000000800245c        0x0
 .iplt          0x000000000800245c        0x0 /Users/babatatsuya/Applications/gcc-arm-none-eabi-6-2017-q1-update/bin/../lib/gcc/arm-none-eabi/6.3.1/thumb/v7e-m/fpv4-sp/hard/crtbegin.o

.rodata         0x000000000800245c       0x4c
                0x000000000800245c                . = ALIGN (0x4)
 *(.rodata)
 *(.rodata*)
 .rodata.aPLLMULFactorTable
                0x000000000800245c       0x10 build/stm32f3xx_hal_rcc.o
                0x000000000800245c                aPLLMULFactorTable
 .rodata.aPredivFactorTable
                0x000000000800246c       0x10 build/stm32f3xx_hal_rcc.o
                0x000000000800246c                aPredivFactorTable
 .rodata.AHBPrescTable
                0x000000000800247c       0x10 build/system_stm32f3xx.o
                0x000000000800247c                AHBPrescTable
 .rodata.HAL_GPIO_EXTI_Callback.str1.4
                0x000000000800248c        0xf build/main.o
 *fill*         0x000000000800249b        0x1 
 .rodata.MX_TIM3_Init.str1.4
                0x000000000800249c        0xc build/main.o
                                          0xb (size before relaxing)
                0x00000000080024a8                . = ALIGN (0x4)

.rel.dyn        0x00000000080024a8        0x0
 .rel.iplt      0x00000000080024a8        0x0 /Users/babatatsuya/Applications/gcc-arm-none-eabi-6-2017-q1-update/bin/../lib/gcc/arm-none-eabi/6.3.1/thumb/v7e-m/fpv4-sp/hard/crtbegin.o

.ARM.extab
 *(.ARM.extab* .gnu.linkonce.armextab.*)

.ARM            0x00000000080024a8        0x0
                0x00000000080024a8                __exidx_start = .
 *(.ARM.exidx*)
                0x00000000080024a8                __exidx_end = .

.preinit_array  0x00000000080024a8        0x0
                0x00000000080024a8                PROVIDE (__preinit_array_start, .)
 *(.preinit_array*)
                0x00000000080024a8                PROVIDE (__preinit_array_end, .)

.init_array     0x00000000080024a8        0x4
                0x00000000080024a8                PROVIDE (__init_array_start, .)
 *(SORT(.init_array.*))
 *(.init_array*)
 .init_array    0x00000000080024a8        0x4 /Users/babatatsuya/Applications/gcc-arm-none-eabi-6-2017-q1-update/bin/../lib/gcc/arm-none-eabi/6.3.1/thumb/v7e-m/fpv4-sp/hard/crtbegin.o
                0x00000000080024ac                PROVIDE (__init_array_end, .)

.fini_array     0x00000000080024ac        0x4
                [!provide]                        PROVIDE (__fini_array_start, .)
 *(SORT(.fini_array.*))
 *(.fini_array*)
 .fini_array    0x00000000080024ac        0x4 /Users/babatatsuya/Applications/gcc-arm-none-eabi-6-2017-q1-update/bin/../lib/gcc/arm-none-eabi/6.3.1/thumb/v7e-m/fpv4-sp/hard/crtbegin.o
                [!provide]                        PROVIDE (__fini_array_end, .)
                0x00000000080024b0                _sidata = LOADADDR (.data)

.data           0x0000000020000000        0xc load address 0x00000000080024b0
                0x0000000020000000                . = ALIGN (0x4)
                0x0000000020000000                _sdata = .
 *(.data)
 *(.data*)
 .data.uwTickFreq
                0x0000000020000000        0x1 build/stm32f3xx_hal.o
                0x0000000020000000                uwTickFreq
 *fill*         0x0000000020000001        0x3 
 .data.uwTickPrio
                0x0000000020000004        0x4 build/stm32f3xx_hal.o
                0x0000000020000004                uwTickPrio
 .data.SystemCoreClock
                0x0000000020000008        0x4 build/system_stm32f3xx.o
                0x0000000020000008                SystemCoreClock
                0x000000002000000c                . = ALIGN (0x4)
                0x000000002000000c                _edata = .
                0x00000000080024bc                _siccmram = LOADADDR (.ccmram)

.jcr            0x000000002000000c        0x0 load address 0x00000000080024bc
 .jcr           0x000000002000000c        0x0 /Users/babatatsuya/Applications/gcc-arm-none-eabi-6-2017-q1-update/bin/../lib/gcc/arm-none-eabi/6.3.1/thumb/v7e-m/fpv4-sp/hard/crtbegin.o

.igot.plt       0x000000002000000c        0x0 load address 0x00000000080024bc
 .igot.plt      0x000000002000000c        0x0 /Users/babatatsuya/Applications/gcc-arm-none-eabi-6-2017-q1-update/bin/../lib/gcc/arm-none-eabi/6.3.1/thumb/v7e-m/fpv4-sp/hard/crtbegin.o

.ccmram         0x0000000010000000        0x0 load address 0x00000000080024bc
                0x0000000010000000                . = ALIGN (0x4)
                0x0000000010000000                _sccmram = .
 *(.ccmram)
 *(.ccmram*)
                0x0000000010000000                . = ALIGN (0x4)
                0x0000000010000000                _eccmram = .
                0x0000000010000000                . = ALIGN (0x4)

.bss            0x000000002000000c       0xf8
                0x000000002000000c                _sbss = .
                0x000000002000000c                __bss_start__ = _sbss
 *(.bss)
 .bss           0x000000002000000c       0x1c /Users/babatatsuya/Applications/gcc-arm-none-eabi-6-2017-q1-update/bin/../lib/gcc/arm-none-eabi/6.3.1/thumb/v7e-m/fpv4-sp/hard/crtbegin.o
 *(.bss*)
 *(COMMON)
 COMMON         0x0000000020000028        0x4 build/stm32f3xx_hal.o
                0x0000000020000028                uwTick
 COMMON         0x000000002000002c       0xd8 build/main.o
                0x000000002000002c                hi2c1
                0x0000000020000078                htim3
                0x00000000200000b8                htim6
                0x00000000200000f8                hlcd
                0x0000000020000104                . = ALIGN (0x4)
                0x0000000020000104                _ebss = .
                0x0000000020000104                __bss_end__ = _ebss

._user_heap_stack
                0x0000000020000104      0x604
                0x0000000020000108                . = ALIGN (0x8)
 *fill*         0x0000000020000104        0x4 
                [!provide]                        PROVIDE (end, .)
                [!provide]                        PROVIDE (_end, .)
                0x0000000020000308                . = (. + _Min_Heap_Size)
 *fill*         0x0000000020000108      0x200 
                0x0000000020000708                . = (. + _Min_Stack_Size)
 *fill*         0x0000000020000308      0x400 
                0x0000000020000708                . = ALIGN (0x8)

/DISCARD/
 libc.a(*)
 libm.a(*)
 libgcc.a(*)

.ARM.attributes
                0x0000000000000000       0x30
 *(.ARM.attributes)
 .ARM.attributes
                0x0000000000000000       0x22 /Users/babatatsuya/Applications/gcc-arm-none-eabi-6-2017-q1-update/bin/../lib/gcc/arm-none-eabi/6.3.1/thumb/v7e-m/fpv4-sp/hard/crti.o
 .ARM.attributes
                0x0000000000000022       0x34 /Users/babatatsuya/Applications/gcc-arm-none-eabi-6-2017-q1-update/bin/../lib/gcc/arm-none-eabi/6.3.1/thumb/v7e-m/fpv4-sp/hard/crtbegin.o
 .ARM.attributes
                0x0000000000000056       0x39 build/stm32f3xx_hal_tim.o
 .ARM.attributes
                0x000000000000008f       0x39 build/stm32f3xx_hal_i2c_ex.o
 .ARM.attributes
                0x00000000000000c8       0x39 build/stm32f3xx_hal_rcc_ex.o
 .ARM.attributes
                0x0000000000000101       0x39 build/stm32f3xx_hal_i2c.o
 .ARM.attributes
                0x000000000000013a       0x39 build/stm32f3xx_hal_gpio.o
 .ARM.attributes
                0x0000000000000173       0x39 build/stm32f3xx_hal_cortex.o
 .ARM.attributes
                0x00000000000001ac       0x39 build/stm32f3xx_hal.o
 .ARM.attributes
                0x00000000000001e5       0x39 build/stm32f3xx_hal_tim_ex.o
 .ARM.attributes
                0x000000000000021e       0x39 build/stm32f3xx_hal_rcc.o
 .ARM.attributes
                0x0000000000000257       0x39 build/system_stm32f3xx.o
 .ARM.attributes
                0x0000000000000290       0x39 build/stm32f3xx_hal_msp.o
 .ARM.attributes
                0x00000000000002c9       0x39 build/stm32f3xx_it.o
 .ARM.attributes
                0x0000000000000302       0x39 build/main.o
 .ARM.attributes
                0x000000000000033b       0x39 build/LCD.o
 .ARM.attributes
                0x0000000000000374       0x21 build/startup_stm32f303x8.o
 .ARM.attributes
                0x0000000000000395       0x34 /Users/babatatsuya/Applications/gcc-arm-none-eabi-6-2017-q1-update/bin/../lib/gcc/arm-none-eabi/6.3.1/../../../../arm-none-eabi/lib/thumb/v7e-m/fpv4-sp/hard/libc_nano.a(lib_a-init.o)
 .ARM.attributes
                0x00000000000003c9       0x22 /Users/babatatsuya/Applications/gcc-arm-none-eabi-6-2017-q1-update/bin/../lib/gcc/arm-none-eabi/6.3.1/thumb/v7e-m/fpv4-sp/hard/crtn.o
OUTPUT(build/line_tracer.elf elf32-littlearm)

.debug_info     0x0000000000000000    0x16692
 .debug_info    0x0000000000000000     0x37bd build/stm32f3xx_hal_tim.o
 .debug_info    0x00000000000037bd     0x1166 build/stm32f3xx_hal_i2c_ex.o
 .debug_info    0x0000000000004923      0xe54 build/stm32f3xx_hal_rcc_ex.o
 .debug_info    0x0000000000005777     0x39ca build/stm32f3xx_hal_i2c.o
 .debug_info    0x0000000000009141      0xfa3 build/stm32f3xx_hal_gpio.o
 .debug_info    0x000000000000a0e4     0x147c build/stm32f3xx_hal_cortex.o
 .debug_info    0x000000000000b560      0xffe build/stm32f3xx_hal.o
 .debug_info    0x000000000000c55e     0x1ea5 build/stm32f3xx_hal_tim_ex.o
 .debug_info    0x000000000000e403     0x1baf build/stm32f3xx_hal_rcc.o
 .debug_info    0x000000000000ffb2      0xc30 build/system_stm32f3xx.o
 .debug_info    0x0000000000010be2     0x16f0 build/stm32f3xx_hal_msp.o
 .debug_info    0x00000000000122d2      0xf3e build/stm32f3xx_it.o
 .debug_info    0x0000000000013210     0x20ee build/main.o
 .debug_info    0x00000000000152fe     0x1332 build/LCD.o
 .debug_info    0x0000000000016630       0x62 build/startup_stm32f303x8.o

.debug_abbrev   0x0000000000000000     0x273c
 .debug_abbrev  0x0000000000000000      0x2d9 build/stm32f3xx_hal_tim.o
 .debug_abbrev  0x00000000000002d9      0x252 build/stm32f3xx_hal_i2c_ex.o
 .debug_abbrev  0x000000000000052b      0x331 build/stm32f3xx_hal_rcc_ex.o
 .debug_abbrev  0x000000000000085c      0x2da build/stm32f3xx_hal_i2c.o
 .debug_abbrev  0x0000000000000b36      0x2a2 build/stm32f3xx_hal_gpio.o
 .debug_abbrev  0x0000000000000dd8      0x3ac build/stm32f3xx_hal_cortex.o
 .debug_abbrev  0x0000000000001184      0x2e0 build/stm32f3xx_hal.o
 .debug_abbrev  0x0000000000001464      0x2d9 build/stm32f3xx_hal_tim_ex.o
 .debug_abbrev  0x000000000000173d      0x340 build/stm32f3xx_hal_rcc.o
 .debug_abbrev  0x0000000000001a7d      0x202 build/system_stm32f3xx.o
 .debug_abbrev  0x0000000000001c7f      0x24d build/stm32f3xx_hal_msp.o
 .debug_abbrev  0x0000000000001ecc      0x23e build/stm32f3xx_it.o
 .debug_abbrev  0x000000000000210a      0x363 build/main.o
 .debug_abbrev  0x000000000000246d      0x2bd build/LCD.o
 .debug_abbrev  0x000000000000272a       0x12 build/startup_stm32f303x8.o

.debug_loc      0x0000000000000000     0xa7ce
 .debug_loc     0x0000000000000000     0x35ff build/stm32f3xx_hal_tim.o
 .debug_loc     0x00000000000035ff      0x21c build/stm32f3xx_hal_i2c_ex.o
 .debug_loc     0x000000000000381b      0x449 build/stm32f3xx_hal_rcc_ex.o
 .debug_loc     0x0000000000003c64     0x3ab1 build/stm32f3xx_hal_i2c.o
 .debug_loc     0x0000000000007715      0x331 build/stm32f3xx_hal_gpio.o
 .debug_loc     0x0000000000007a46      0x5ad build/stm32f3xx_hal_cortex.o
 .debug_loc     0x0000000000007ff3      0x108 build/stm32f3xx_hal.o
 .debug_loc     0x00000000000080fb     0x18ac build/stm32f3xx_hal_tim_ex.o
 .debug_loc     0x00000000000099a7      0x913 build/stm32f3xx_hal_rcc.o
 .debug_loc     0x000000000000a2ba       0xff build/system_stm32f3xx.o
 .debug_loc     0x000000000000a3b9       0xf0 build/stm32f3xx_hal_msp.o
 .debug_loc     0x000000000000a4a9       0xe0 build/main.o
 .debug_loc     0x000000000000a589      0x245 build/LCD.o

.debug_aranges  0x0000000000000000      0xbf8
 .debug_aranges
                0x0000000000000000      0x378 build/stm32f3xx_hal_tim.o
 .debug_aranges
                0x0000000000000378       0x48 build/stm32f3xx_hal_i2c_ex.o
 .debug_aranges
                0x00000000000003c0       0x38 build/stm32f3xx_hal_rcc_ex.o
 .debug_aranges
                0x00000000000003f8      0x260 build/stm32f3xx_hal_i2c.o
 .debug_aranges
                0x0000000000000658       0x58 build/stm32f3xx_hal_gpio.o
 .debug_aranges
                0x00000000000006b0       0x90 build/stm32f3xx_hal_cortex.o
 .debug_aranges
                0x0000000000000740       0xe0 build/stm32f3xx_hal.o
 .debug_aranges
                0x0000000000000820      0x178 build/stm32f3xx_hal_tim_ex.o
 .debug_aranges
                0x0000000000000998       0x88 build/stm32f3xx_hal_rcc.o
 .debug_aranges
                0x0000000000000a20       0x28 build/system_stm32f3xx.o
 .debug_aranges
                0x0000000000000a48       0x48 build/stm32f3xx_hal_msp.o
 .debug_aranges
                0x0000000000000a90       0x70 build/stm32f3xx_it.o
 .debug_aranges
                0x0000000000000b00       0x70 build/main.o
 .debug_aranges
                0x0000000000000b70       0x60 build/LCD.o
 .debug_aranges
                0x0000000000000bd0       0x28 build/startup_stm32f303x8.o

.debug_ranges   0x0000000000000000      0xba8
 .debug_ranges  0x0000000000000000      0x368 build/stm32f3xx_hal_tim.o
 .debug_ranges  0x0000000000000368       0x38 build/stm32f3xx_hal_i2c_ex.o
 .debug_ranges  0x00000000000003a0       0x40 build/stm32f3xx_hal_rcc_ex.o
 .debug_ranges  0x00000000000003e0      0x250 build/stm32f3xx_hal_i2c.o
 .debug_ranges  0x0000000000000630       0x48 build/stm32f3xx_hal_gpio.o
 .debug_ranges  0x0000000000000678       0xe0 build/stm32f3xx_hal_cortex.o
 .debug_ranges  0x0000000000000758       0xd0 build/stm32f3xx_hal.o
 .debug_ranges  0x0000000000000828      0x168 build/stm32f3xx_hal_tim_ex.o
 .debug_ranges  0x0000000000000990       0x98 build/stm32f3xx_hal_rcc.o
 .debug_ranges  0x0000000000000a28       0x18 build/system_stm32f3xx.o
 .debug_ranges  0x0000000000000a40       0x38 build/stm32f3xx_hal_msp.o
 .debug_ranges  0x0000000000000a78       0x60 build/stm32f3xx_it.o
 .debug_ranges  0x0000000000000ad8       0x60 build/main.o
 .debug_ranges  0x0000000000000b38       0x50 build/LCD.o
 .debug_ranges  0x0000000000000b88       0x20 build/startup_stm32f303x8.o

.debug_line     0x0000000000000000     0x60da
 .debug_line    0x0000000000000000     0x1493 build/stm32f3xx_hal_tim.o
 .debug_line    0x0000000000001493      0x3fc build/stm32f3xx_hal_i2c_ex.o
 .debug_line    0x000000000000188f      0x464 build/stm32f3xx_hal_rcc_ex.o
 .debug_line    0x0000000000001cf3     0x144d build/stm32f3xx_hal_i2c.o
 .debug_line    0x0000000000003140      0x3ee build/stm32f3xx_hal_gpio.o
 .debug_line    0x000000000000352e      0x3f8 build/stm32f3xx_hal_cortex.o
 .debug_line    0x0000000000003926      0x46f build/stm32f3xx_hal.o
 .debug_line    0x0000000000003d95      0xa1b build/stm32f3xx_hal_tim_ex.o
 .debug_line    0x00000000000047b0      0x782 build/stm32f3xx_hal_rcc.o
 .debug_line    0x0000000000004f32      0x263 build/system_stm32f3xx.o
 .debug_line    0x0000000000005195      0x36d build/stm32f3xx_hal_msp.o
 .debug_line    0x0000000000005502      0x37b build/stm32f3xx_it.o
 .debug_line    0x000000000000587d      0x487 build/main.o
 .debug_line    0x0000000000005d04      0x362 build/LCD.o
 .debug_line    0x0000000000006066       0x74 build/startup_stm32f303x8.o

.debug_str      0x0000000000000000     0x3b26
 .debug_str     0x0000000000000000     0x16df build/stm32f3xx_hal_tim.o
                                       0x17e9 (size before relaxing)
 .debug_str     0x00000000000016df      0x46e build/stm32f3xx_hal_i2c_ex.o
                                        0xc8b (size before relaxing)
 .debug_str     0x0000000000001b4d      0x20f build/stm32f3xx_hal_rcc_ex.o
                                        0x889 (size before relaxing)
 .debug_str     0x0000000000001d5c      0x7b7 build/stm32f3xx_hal_i2c.o
                                       0x12a1 (size before relaxing)
 .debug_str     0x0000000000002513      0x1b8 build/stm32f3xx_hal_gpio.o
                                        0x8df (size before relaxing)
 .debug_str     0x00000000000026cb      0x5fc build/stm32f3xx_hal_cortex.o
                                        0xce7 (size before relaxing)
 .debug_str     0x0000000000002cc7      0x2b8 build/stm32f3xx_hal.o
                                        0xc77 (size before relaxing)
 .debug_str     0x0000000000002f7f      0x598 build/stm32f3xx_hal_tim_ex.o
                                       0x121c (size before relaxing)
 .debug_str     0x0000000000003517      0x295 build/stm32f3xx_hal_rcc.o
                                        0xa4c (size before relaxing)
 .debug_str     0x00000000000037ac       0x4d build/system_stm32f3xx.o
                                        0x6c9 (size before relaxing)
 .debug_str     0x00000000000037f9       0x46 build/stm32f3xx_hal_msp.o
                                       0x1121 (size before relaxing)
 .debug_str     0x000000000000383f       0xd3 build/stm32f3xx_it.o
                                        0xab9 (size before relaxing)
 .debug_str     0x0000000000003912      0x194 build/main.o
                                       0x16cf (size before relaxing)
 .debug_str     0x0000000000003aa6       0x80 build/LCD.o
                                        0xc62 (size before relaxing)

.comment        0x0000000000000000       0x7f
 .comment       0x0000000000000000       0x7f build/stm32f3xx_hal_tim.o
                                         0x80 (size before relaxing)
 .comment       0x000000000000007f       0x80 build/stm32f3xx_hal_i2c_ex.o
 .comment       0x000000000000007f       0x80 build/stm32f3xx_hal_rcc_ex.o
 .comment       0x000000000000007f       0x80 build/stm32f3xx_hal_i2c.o
 .comment       0x000000000000007f       0x80 build/stm32f3xx_hal_gpio.o
 .comment       0x000000000000007f       0x80 build/stm32f3xx_hal_cortex.o
 .comment       0x000000000000007f       0x80 build/stm32f3xx_hal.o
 .comment       0x000000000000007f       0x80 build/stm32f3xx_hal_tim_ex.o
 .comment       0x000000000000007f       0x80 build/stm32f3xx_hal_rcc.o
 .comment       0x000000000000007f       0x80 build/system_stm32f3xx.o
 .comment       0x000000000000007f       0x80 build/stm32f3xx_hal_msp.o
 .comment       0x000000000000007f       0x80 build/stm32f3xx_it.o
 .comment       0x000000000000007f       0x80 build/main.o
 .comment       0x000000000000007f       0x80 build/LCD.o

.debug_frame    0x0000000000000000     0x244c
 .debug_frame   0x0000000000000000      0xb5c build/stm32f3xx_hal_tim.o
 .debug_frame   0x0000000000000b5c       0x80 build/stm32f3xx_hal_i2c_ex.o
 .debug_frame   0x0000000000000bdc       0x8c build/stm32f3xx_hal_rcc_ex.o
 .debug_frame   0x0000000000000c68      0x958 build/stm32f3xx_hal_i2c.o
 .debug_frame   0x00000000000015c0       0xe4 build/stm32f3xx_hal_gpio.o
 .debug_frame   0x00000000000016a4      0x13c build/stm32f3xx_hal_cortex.o
 .debug_frame   0x00000000000017e0      0x1e0 build/stm32f3xx_hal.o
 .debug_frame   0x00000000000019c0      0x4ec build/stm32f3xx_hal_tim_ex.o
 .debug_frame   0x0000000000001eac      0x158 build/stm32f3xx_hal_rcc.o
 .debug_frame   0x0000000000002004       0x30 build/system_stm32f3xx.o
 .debug_frame   0x0000000000002034       0xbc build/stm32f3xx_hal_msp.o
 .debug_frame   0x00000000000020f0       0xe4 build/stm32f3xx_it.o
 .debug_frame   0x00000000000021d4      0x140 build/main.o
 .debug_frame   0x0000000000002314      0x10c build/LCD.o
 .debug_frame   0x0000000000002420       0x2c /Users/babatatsuya/Applications/gcc-arm-none-eabi-6-2017-q1-update/bin/../lib/gcc/arm-none-eabi/6.3.1/../../../../arm-none-eabi/lib/thumb/v7e-m/fpv4-sp/hard/libc_nano.a(lib_a-init.o)

Cross Reference Table

Symbol                                            File
ADC1_2_IRQHandler                                 build/startup_stm32f303x8.o
AHBPrescTable                                     build/system_stm32f3xx.o
                                                  build/stm32f3xx_hal_rcc.o
APBPrescTable                                     build/system_stm32f3xx.o
                                                  build/stm32f3xx_hal_rcc.o
BusFault_Handler                                  build/stm32f3xx_it.o
CAN_RX0_IRQHandler                                build/startup_stm32f303x8.o
CAN_RX1_IRQHandler                                build/startup_stm32f303x8.o
CAN_SCE_IRQHandler                                build/startup_stm32f303x8.o
CAN_TX_IRQHandler                                 build/startup_stm32f303x8.o
COMP2_IRQHandler                                  build/startup_stm32f303x8.o
COMP4_6_IRQHandler                                build/startup_stm32f303x8.o
DMA1_Channel1_IRQHandler                          build/startup_stm32f303x8.o
DMA1_Channel2_IRQHandler                          build/startup_stm32f303x8.o
DMA1_Channel3_IRQHandler                          build/startup_stm32f303x8.o
DMA1_Channel4_IRQHandler                          build/startup_stm32f303x8.o
DMA1_Channel5_IRQHandler                          build/startup_stm32f303x8.o
DMA1_Channel6_IRQHandler                          build/startup_stm32f303x8.o
DMA1_Channel7_IRQHandler                          build/startup_stm32f303x8.o
DebugMon_Handler                                  build/stm32f3xx_it.o
Default_Handler                                   build/startup_stm32f303x8.o
EXTI0_IRQHandler                                  build/startup_stm32f303x8.o
EXTI15_10_IRQHandler                              build/stm32f3xx_it.o
EXTI1_IRQHandler                                  build/startup_stm32f303x8.o
EXTI2_TSC_IRQHandler                              build/startup_stm32f303x8.o
EXTI3_IRQHandler                                  build/startup_stm32f303x8.o
EXTI4_IRQHandler                                  build/startup_stm32f303x8.o
EXTI9_5_IRQHandler                                build/startup_stm32f303x8.o
FLASH_IRQHandler                                  build/startup_stm32f303x8.o
FLASH_PageErase                                   build/stm32f3xx_hal_flash_ex.o
                                                  build/stm32f3xx_hal_flash.o
FLASH_WaitForLastOperation                        build/stm32f3xx_hal_flash.o
                                                  build/stm32f3xx_hal_flash_ex.o
FPU_IRQHandler                                    build/startup_stm32f303x8.o
HAL_DBGMCU_DisableDBGSleepMode                    build/stm32f3xx_hal.o
HAL_DBGMCU_DisableDBGStandbyMode                  build/stm32f3xx_hal.o
HAL_DBGMCU_DisableDBGStopMode                     build/stm32f3xx_hal.o
HAL_DBGMCU_EnableDBGSleepMode                     build/stm32f3xx_hal.o
HAL_DBGMCU_EnableDBGStandbyMode                   build/stm32f3xx_hal.o
HAL_DBGMCU_EnableDBGStopMode                      build/stm32f3xx_hal.o
HAL_DMA_Abort                                     build/stm32f3xx_hal_dma.o
                                                  build/stm32f3xx_hal_tim.o
HAL_DMA_Abort_IT                                  build/stm32f3xx_hal_dma.o
                                                  build/stm32f3xx_hal_i2c.o
HAL_DMA_DeInit                                    build/stm32f3xx_hal_dma.o
HAL_DMA_GetError                                  build/stm32f3xx_hal_dma.o
HAL_DMA_GetState                                  build/stm32f3xx_hal_dma.o
HAL_DMA_IRQHandler                                build/stm32f3xx_hal_dma.o
HAL_DMA_Init                                      build/stm32f3xx_hal_dma.o
HAL_DMA_PollForTransfer                           build/stm32f3xx_hal_dma.o
HAL_DMA_RegisterCallback                          build/stm32f3xx_hal_dma.o
HAL_DMA_Start                                     build/stm32f3xx_hal_dma.o
HAL_DMA_Start_IT                                  build/stm32f3xx_hal_dma.o
                                                  build/stm32f3xx_hal_tim_ex.o
                                                  build/stm32f3xx_hal_i2c.o
                                                  build/stm32f3xx_hal_tim.o
HAL_DMA_UnRegisterCallback                        build/stm32f3xx_hal_dma.o
HAL_DeInit                                        build/stm32f3xx_hal.o
HAL_Delay                                         build/stm32f3xx_hal.o
                                                  build/LCD.o
HAL_FLASHEx_Erase                                 build/stm32f3xx_hal_flash_ex.o
HAL_FLASHEx_Erase_IT                              build/stm32f3xx_hal_flash_ex.o
HAL_FLASHEx_OBErase                               build/stm32f3xx_hal_flash_ex.o
HAL_FLASHEx_OBGetConfig                           build/stm32f3xx_hal_flash_ex.o
HAL_FLASHEx_OBGetUserData                         build/stm32f3xx_hal_flash_ex.o
HAL_FLASHEx_OBProgram                             build/stm32f3xx_hal_flash_ex.o
HAL_FLASH_EndOfOperationCallback                  build/stm32f3xx_hal_flash.o
HAL_FLASH_GetError                                build/stm32f3xx_hal_flash.o
HAL_FLASH_IRQHandler                              build/stm32f3xx_hal_flash.o
HAL_FLASH_Lock                                    build/stm32f3xx_hal_flash.o
HAL_FLASH_OB_Launch                               build/stm32f3xx_hal_flash.o
HAL_FLASH_OB_Lock                                 build/stm32f3xx_hal_flash.o
HAL_FLASH_OB_Unlock                               build/stm32f3xx_hal_flash.o
HAL_FLASH_OperationErrorCallback                  build/stm32f3xx_hal_flash.o
HAL_FLASH_Program                                 build/stm32f3xx_hal_flash.o
HAL_FLASH_Program_IT                              build/stm32f3xx_hal_flash.o
HAL_FLASH_Unlock                                  build/stm32f3xx_hal_flash.o
HAL_GPIO_DeInit                                   build/stm32f3xx_hal_gpio.o
                                                  build/stm32f3xx_hal_msp.o
HAL_GPIO_EXTI_Callback                            build/main.o
                                                  build/stm32f3xx_hal_gpio.o
HAL_GPIO_EXTI_IRQHandler                          build/stm32f3xx_hal_gpio.o
                                                  build/stm32f3xx_it.o
HAL_GPIO_Init                                     build/stm32f3xx_hal_gpio.o
                                                  build/main.o
                                                  build/stm32f3xx_hal_msp.o
                                                  build/stm32f3xx_hal_rcc.o
HAL_GPIO_LockPin                                  build/stm32f3xx_hal_gpio.o
HAL_GPIO_ReadPin                                  build/stm32f3xx_hal_gpio.o
HAL_GPIO_TogglePin                                build/stm32f3xx_hal_gpio.o
HAL_GPIO_WritePin                                 build/stm32f3xx_hal_gpio.o
HAL_GetDEVID                                      build/stm32f3xx_hal.o
HAL_GetHalVersion                                 build/stm32f3xx_hal.o
HAL_GetREVID                                      build/stm32f3xx_hal.o
HAL_GetTick                                       build/stm32f3xx_hal.o
                                                  build/stm32f3xx_hal_rcc.o
                                                  build/stm32f3xx_hal_dma.o
                                                  build/stm32f3xx_hal_i2c.o
                                                  build/stm32f3xx_hal_rcc_ex.o
                                                  build/stm32f3xx_hal_flash.o
HAL_GetTickFreq                                   build/stm32f3xx_hal.o
HAL_GetTickPrio                                   build/stm32f3xx_hal.o
HAL_GetUIDw0                                      build/stm32f3xx_hal.o
HAL_GetUIDw1                                      build/stm32f3xx_hal.o
HAL_GetUIDw2                                      build/stm32f3xx_hal.o
HAL_I2CEx_ConfigAnalogFilter                      build/stm32f3xx_hal_i2c_ex.o
                                                  build/main.o
HAL_I2CEx_ConfigDigitalFilter                     build/stm32f3xx_hal_i2c_ex.o
                                                  build/main.o
HAL_I2CEx_DisableFastModePlus                     build/stm32f3xx_hal_i2c_ex.o
HAL_I2CEx_DisableWakeUp                           build/stm32f3xx_hal_i2c_ex.o
HAL_I2CEx_EnableFastModePlus                      build/stm32f3xx_hal_i2c_ex.o
HAL_I2CEx_EnableWakeUp                            build/stm32f3xx_hal_i2c_ex.o
HAL_I2C_AbortCpltCallback                         build/stm32f3xx_hal_i2c.o
HAL_I2C_AddrCallback                              build/stm32f3xx_hal_i2c.o
HAL_I2C_DeInit                                    build/stm32f3xx_hal_i2c.o
HAL_I2C_DisableListen_IT                          build/stm32f3xx_hal_i2c.o
HAL_I2C_ER_IRQHandler                             build/stm32f3xx_hal_i2c.o
HAL_I2C_EV_IRQHandler                             build/stm32f3xx_hal_i2c.o
HAL_I2C_EnableListen_IT                           build/stm32f3xx_hal_i2c.o
HAL_I2C_ErrorCallback                             build/stm32f3xx_hal_i2c.o
HAL_I2C_GetError                                  build/stm32f3xx_hal_i2c.o
HAL_I2C_GetMode                                   build/stm32f3xx_hal_i2c.o
HAL_I2C_GetState                                  build/stm32f3xx_hal_i2c.o
HAL_I2C_Init                                      build/stm32f3xx_hal_i2c.o
                                                  build/main.o
HAL_I2C_IsDeviceReady                             build/stm32f3xx_hal_i2c.o
HAL_I2C_ListenCpltCallback                        build/stm32f3xx_hal_i2c.o
HAL_I2C_MasterRxCpltCallback                      build/stm32f3xx_hal_i2c.o
HAL_I2C_MasterTxCpltCallback                      build/stm32f3xx_hal_i2c.o
HAL_I2C_Master_Abort_IT                           build/stm32f3xx_hal_i2c.o
HAL_I2C_Master_Receive                            build/stm32f3xx_hal_i2c.o
HAL_I2C_Master_Receive_DMA                        build/stm32f3xx_hal_i2c.o
HAL_I2C_Master_Receive_IT                         build/stm32f3xx_hal_i2c.o
HAL_I2C_Master_Sequential_Receive_IT              build/stm32f3xx_hal_i2c.o
HAL_I2C_Master_Sequential_Transmit_IT             build/stm32f3xx_hal_i2c.o
HAL_I2C_Master_Transmit                           build/stm32f3xx_hal_i2c.o
                                                  build/LCD.o
HAL_I2C_Master_Transmit_DMA                       build/stm32f3xx_hal_i2c.o
HAL_I2C_Master_Transmit_IT                        build/stm32f3xx_hal_i2c.o
HAL_I2C_MemRxCpltCallback                         build/stm32f3xx_hal_i2c.o
HAL_I2C_MemTxCpltCallback                         build/stm32f3xx_hal_i2c.o
HAL_I2C_Mem_Read                                  build/stm32f3xx_hal_i2c.o
HAL_I2C_Mem_Read_DMA                              build/stm32f3xx_hal_i2c.o
HAL_I2C_Mem_Read_IT                               build/stm32f3xx_hal_i2c.o
HAL_I2C_Mem_Write                                 build/stm32f3xx_hal_i2c.o
HAL_I2C_Mem_Write_DMA                             build/stm32f3xx_hal_i2c.o
HAL_I2C_Mem_Write_IT                              build/stm32f3xx_hal_i2c.o
HAL_I2C_MspDeInit                                 build/stm32f3xx_hal_msp.o
                                                  build/stm32f3xx_hal_i2c.o
HAL_I2C_MspInit                                   build/stm32f3xx_hal_msp.o
                                                  build/stm32f3xx_hal_i2c.o
HAL_I2C_SlaveRxCpltCallback                       build/stm32f3xx_hal_i2c.o
HAL_I2C_SlaveTxCpltCallback                       build/stm32f3xx_hal_i2c.o
HAL_I2C_Slave_Receive                             build/stm32f3xx_hal_i2c.o
HAL_I2C_Slave_Receive_DMA                         build/stm32f3xx_hal_i2c.o
HAL_I2C_Slave_Receive_IT                          build/stm32f3xx_hal_i2c.o
HAL_I2C_Slave_Sequential_Receive_IT               build/stm32f3xx_hal_i2c.o
HAL_I2C_Slave_Sequential_Transmit_IT              build/stm32f3xx_hal_i2c.o
HAL_I2C_Slave_Transmit                            build/stm32f3xx_hal_i2c.o
HAL_I2C_Slave_Transmit_DMA                        build/stm32f3xx_hal_i2c.o
HAL_I2C_Slave_Transmit_IT                         build/stm32f3xx_hal_i2c.o
HAL_IncTick                                       build/stm32f3xx_hal.o
                                                  build/stm32f3xx_it.o
HAL_Init                                          build/stm32f3xx_hal.o
                                                  build/main.o
HAL_InitTick                                      build/stm32f3xx_hal.o
                                                  build/stm32f3xx_hal_rcc.o
HAL_MspDeInit                                     build/stm32f3xx_hal.o
HAL_MspInit                                       build/stm32f3xx_hal_msp.o
                                                  build/stm32f3xx_hal.o
HAL_NVIC_ClearPendingIRQ                          build/stm32f3xx_hal_cortex.o
HAL_NVIC_DisableIRQ                               build/stm32f3xx_hal_cortex.o
                                                  build/stm32f3xx_hal_msp.o
HAL_NVIC_EnableIRQ                                build/stm32f3xx_hal_cortex.o
                                                  build/main.o
                                                  build/stm32f3xx_hal_msp.o
HAL_NVIC_GetActive                                build/stm32f3xx_hal_cortex.o
HAL_NVIC_GetPendingIRQ                            build/stm32f3xx_hal_cortex.o
HAL_NVIC_GetPriority                              build/stm32f3xx_hal_cortex.o
HAL_NVIC_GetPriorityGrouping                      build/stm32f3xx_hal_cortex.o
HAL_NVIC_SetPendingIRQ                            build/stm32f3xx_hal_cortex.o
HAL_NVIC_SetPriority                              build/stm32f3xx_hal_cortex.o
                                                  build/main.o
                                                  build/stm32f3xx_hal_msp.o
                                                  build/stm32f3xx_hal.o
HAL_NVIC_SetPriorityGrouping                      build/stm32f3xx_hal_cortex.o
                                                  build/stm32f3xx_hal_msp.o
                                                  build/stm32f3xx_hal.o
HAL_NVIC_SystemReset                              build/stm32f3xx_hal_cortex.o
HAL_PWR_ConfigPVD                                 build/stm32f3xx_hal_pwr_ex.o
HAL_PWR_DeInit                                    build/stm32f3xx_hal_pwr.o
HAL_PWR_DisableBkUpAccess                         build/stm32f3xx_hal_pwr.o
HAL_PWR_DisablePVD                                build/stm32f3xx_hal_pwr_ex.o
HAL_PWR_DisableSEVOnPend                          build/stm32f3xx_hal_pwr.o
HAL_PWR_DisableSleepOnExit                        build/stm32f3xx_hal_pwr.o
HAL_PWR_DisableWakeUpPin                          build/stm32f3xx_hal_pwr.o
HAL_PWR_EnableBkUpAccess                          build/stm32f3xx_hal_pwr.o
HAL_PWR_EnablePVD                                 build/stm32f3xx_hal_pwr_ex.o
HAL_PWR_EnableSEVOnPend                           build/stm32f3xx_hal_pwr.o
HAL_PWR_EnableSleepOnExit                         build/stm32f3xx_hal_pwr.o
HAL_PWR_EnableWakeUpPin                           build/stm32f3xx_hal_pwr.o
HAL_PWR_EnterSLEEPMode                            build/stm32f3xx_hal_pwr.o
HAL_PWR_EnterSTANDBYMode                          build/stm32f3xx_hal_pwr.o
HAL_PWR_EnterSTOPMode                             build/stm32f3xx_hal_pwr.o
HAL_PWR_PVDCallback                               build/stm32f3xx_hal_pwr_ex.o
HAL_PWR_PVD_IRQHandler                            build/stm32f3xx_hal_pwr_ex.o
HAL_RCCEx_GetPeriphCLKConfig                      build/stm32f3xx_hal_rcc_ex.o
HAL_RCCEx_GetPeriphCLKFreq                        build/stm32f3xx_hal_rcc_ex.o
HAL_RCCEx_PeriphCLKConfig                         build/stm32f3xx_hal_rcc_ex.o
                                                  build/main.o
HAL_RCC_CSSCallback                               build/stm32f3xx_hal_rcc.o
HAL_RCC_ClockConfig                               build/stm32f3xx_hal_rcc.o
                                                  build/main.o
HAL_RCC_DeInit                                    build/stm32f3xx_hal_rcc.o
HAL_RCC_DisableCSS                                build/stm32f3xx_hal_rcc.o
HAL_RCC_EnableCSS                                 build/stm32f3xx_hal_rcc.o
HAL_RCC_GetClockConfig                            build/stm32f3xx_hal_rcc.o
HAL_RCC_GetHCLKFreq                               build/stm32f3xx_hal_rcc.o
                                                  build/main.o
HAL_RCC_GetOscConfig                              build/stm32f3xx_hal_rcc.o
HAL_RCC_GetPCLK1Freq                              build/stm32f3xx_hal_rcc.o
                                                  build/stm32f3xx_hal_rcc_ex.o
HAL_RCC_GetPCLK2Freq                              build/stm32f3xx_hal_rcc.o
HAL_RCC_GetSysClockFreq                           build/stm32f3xx_hal_rcc.o
                                                  build/stm32f3xx_hal_rcc_ex.o
HAL_RCC_MCOConfig                                 build/stm32f3xx_hal_rcc.o
HAL_RCC_NMI_IRQHandler                            build/stm32f3xx_hal_rcc.o
HAL_RCC_OscConfig                                 build/stm32f3xx_hal_rcc.o
                                                  build/main.o
HAL_ResumeTick                                    build/stm32f3xx_hal.o
HAL_SYSTICK_CLKSourceConfig                       build/stm32f3xx_hal_cortex.o
                                                  build/main.o
HAL_SYSTICK_Callback                              build/stm32f3xx_hal_cortex.o
HAL_SYSTICK_Config                                build/stm32f3xx_hal_cortex.o
                                                  build/main.o
                                                  build/stm32f3xx_hal.o
HAL_SYSTICK_IRQHandler                            build/stm32f3xx_hal_cortex.o
                                                  build/stm32f3xx_it.o
HAL_SetTickFreq                                   build/stm32f3xx_hal.o
HAL_SuspendTick                                   build/stm32f3xx_hal.o
HAL_TIMEx_Break2Callback                          build/stm32f3xx_hal_tim_ex.o
                                                  build/stm32f3xx_hal_tim.o
HAL_TIMEx_BreakCallback                           build/stm32f3xx_hal_tim_ex.o
                                                  build/stm32f3xx_hal_tim.o
HAL_TIMEx_CommutationCallback                     build/stm32f3xx_hal_tim_ex.o
                                                  build/stm32f3xx_hal_tim.o
HAL_TIMEx_ConfigBreakDeadTime                     build/stm32f3xx_hal_tim_ex.o
HAL_TIMEx_ConfigCommutationEvent                  build/stm32f3xx_hal_tim_ex.o
HAL_TIMEx_ConfigCommutationEvent_DMA              build/stm32f3xx_hal_tim_ex.o
HAL_TIMEx_ConfigCommutationEvent_IT               build/stm32f3xx_hal_tim_ex.o
HAL_TIMEx_GroupChannel5                           build/stm32f3xx_hal_tim_ex.o
HAL_TIMEx_HallSensor_DeInit                       build/stm32f3xx_hal_tim_ex.o
HAL_TIMEx_HallSensor_GetState                     build/stm32f3xx_hal_tim_ex.o
HAL_TIMEx_HallSensor_Init                         build/stm32f3xx_hal_tim_ex.o
HAL_TIMEx_HallSensor_MspDeInit                    build/stm32f3xx_hal_tim_ex.o
HAL_TIMEx_HallSensor_MspInit                      build/stm32f3xx_hal_tim_ex.o
HAL_TIMEx_HallSensor_Start                        build/stm32f3xx_hal_tim_ex.o
HAL_TIMEx_HallSensor_Start_DMA                    build/stm32f3xx_hal_tim_ex.o
HAL_TIMEx_HallSensor_Start_IT                     build/stm32f3xx_hal_tim_ex.o
HAL_TIMEx_HallSensor_Stop                         build/stm32f3xx_hal_tim_ex.o
HAL_TIMEx_HallSensor_Stop_DMA                     build/stm32f3xx_hal_tim_ex.o
HAL_TIMEx_HallSensor_Stop_IT                      build/stm32f3xx_hal_tim_ex.o
HAL_TIMEx_MasterConfigSynchronization             build/stm32f3xx_hal_tim_ex.o
                                                  build/main.o
HAL_TIMEx_OCN_Start                               build/stm32f3xx_hal_tim_ex.o
HAL_TIMEx_OCN_Start_DMA                           build/stm32f3xx_hal_tim_ex.o
HAL_TIMEx_OCN_Start_IT                            build/stm32f3xx_hal_tim_ex.o
HAL_TIMEx_OCN_Stop                                build/stm32f3xx_hal_tim_ex.o
HAL_TIMEx_OCN_Stop_DMA                            build/stm32f3xx_hal_tim_ex.o
HAL_TIMEx_OCN_Stop_IT                             build/stm32f3xx_hal_tim_ex.o
HAL_TIMEx_OnePulseN_Start                         build/stm32f3xx_hal_tim_ex.o
HAL_TIMEx_OnePulseN_Start_IT                      build/stm32f3xx_hal_tim_ex.o
HAL_TIMEx_OnePulseN_Stop                          build/stm32f3xx_hal_tim_ex.o
HAL_TIMEx_OnePulseN_Stop_IT                       build/stm32f3xx_hal_tim_ex.o
HAL_TIMEx_PWMN_Start                              build/stm32f3xx_hal_tim_ex.o
HAL_TIMEx_PWMN_Start_DMA                          build/stm32f3xx_hal_tim_ex.o
HAL_TIMEx_PWMN_Start_IT                           build/stm32f3xx_hal_tim_ex.o
HAL_TIMEx_PWMN_Stop                               build/stm32f3xx_hal_tim_ex.o
HAL_TIMEx_PWMN_Stop_DMA                           build/stm32f3xx_hal_tim_ex.o
HAL_TIMEx_PWMN_Stop_IT                            build/stm32f3xx_hal_tim_ex.o
HAL_TIMEx_RemapConfig                             build/stm32f3xx_hal_tim_ex.o
HAL_TIM_Base_DeInit                               build/stm32f3xx_hal_tim.o
HAL_TIM_Base_GetState                             build/stm32f3xx_hal_tim.o
HAL_TIM_Base_Init                                 build/stm32f3xx_hal_tim.o
                                                  build/main.o
HAL_TIM_Base_MspDeInit                            build/stm32f3xx_hal_msp.o
                                                  build/stm32f3xx_hal_tim.o
HAL_TIM_Base_MspInit                              build/stm32f3xx_hal_msp.o
                                                  build/stm32f3xx_hal_tim.o
HAL_TIM_Base_Start                                build/stm32f3xx_hal_tim.o
HAL_TIM_Base_Start_DMA                            build/stm32f3xx_hal_tim.o
HAL_TIM_Base_Start_IT                             build/stm32f3xx_hal_tim.o
                                                  build/main.o
HAL_TIM_Base_Stop                                 build/stm32f3xx_hal_tim.o
HAL_TIM_Base_Stop_DMA                             build/stm32f3xx_hal_tim.o
HAL_TIM_Base_Stop_IT                              build/stm32f3xx_hal_tim.o
HAL_TIM_ConfigClockSource                         build/stm32f3xx_hal_tim.o
                                                  build/main.o
HAL_TIM_ConfigOCrefClear                          build/stm32f3xx_hal_tim_ex.o
                                                  build/stm32f3xx_hal_tim.o
HAL_TIM_ConfigTI1Input                            build/stm32f3xx_hal_tim.o
HAL_TIM_DMABurst_MultiReadStart                   build/stm32f3xx_hal_tim.o
HAL_TIM_DMABurst_MultiWriteStart                  build/stm32f3xx_hal_tim.o
HAL_TIM_DMABurst_ReadStart                        build/stm32f3xx_hal_tim.o
HAL_TIM_DMABurst_ReadStop                         build/stm32f3xx_hal_tim.o
HAL_TIM_DMABurst_WriteStart                       build/stm32f3xx_hal_tim.o
HAL_TIM_DMABurst_WriteStop                        build/stm32f3xx_hal_tim.o
HAL_TIM_Encoder_DeInit                            build/stm32f3xx_hal_tim.o
HAL_TIM_Encoder_GetState                          build/stm32f3xx_hal_tim.o
HAL_TIM_Encoder_Init                              build/stm32f3xx_hal_tim.o
HAL_TIM_Encoder_MspDeInit                         build/stm32f3xx_hal_tim.o
HAL_TIM_Encoder_MspInit                           build/stm32f3xx_hal_tim.o
HAL_TIM_Encoder_Start                             build/stm32f3xx_hal_tim.o
HAL_TIM_Encoder_Start_DMA                         build/stm32f3xx_hal_tim.o
HAL_TIM_Encoder_Start_IT                          build/stm32f3xx_hal_tim.o
HAL_TIM_Encoder_Stop                              build/stm32f3xx_hal_tim.o
HAL_TIM_Encoder_Stop_DMA                          build/stm32f3xx_hal_tim.o
HAL_TIM_Encoder_Stop_IT                           build/stm32f3xx_hal_tim.o
HAL_TIM_ErrorCallback                             build/stm32f3xx_hal_tim.o
HAL_TIM_GenerateEvent                             build/stm32f3xx_hal_tim.o
HAL_TIM_IC_CaptureCallback                        build/stm32f3xx_hal_tim.o
HAL_TIM_IC_ConfigChannel                          build/stm32f3xx_hal_tim.o
HAL_TIM_IC_DeInit                                 build/stm32f3xx_hal_tim.o
HAL_TIM_IC_GetState                               build/stm32f3xx_hal_tim.o
HAL_TIM_IC_Init                                   build/stm32f3xx_hal_tim.o
HAL_TIM_IC_MspDeInit                              build/stm32f3xx_hal_tim.o
HAL_TIM_IC_MspInit                                build/stm32f3xx_hal_tim.o
HAL_TIM_IC_Start                                  build/stm32f3xx_hal_tim.o
HAL_TIM_IC_Start_DMA                              build/stm32f3xx_hal_tim.o
HAL_TIM_IC_Start_IT                               build/stm32f3xx_hal_tim.o
HAL_TIM_IC_Stop                                   build/stm32f3xx_hal_tim.o
HAL_TIM_IC_Stop_DMA                               build/stm32f3xx_hal_tim.o
HAL_TIM_IC_Stop_IT                                build/stm32f3xx_hal_tim.o
HAL_TIM_IRQHandler                                build/stm32f3xx_hal_tim.o
                                                  build/stm32f3xx_it.o
HAL_TIM_MspPostInit                               build/stm32f3xx_hal_msp.o
                                                  build/main.o
HAL_TIM_OC_ConfigChannel                          build/stm32f3xx_hal_tim_ex.o
                                                  build/stm32f3xx_hal_tim.o
HAL_TIM_OC_DeInit                                 build/stm32f3xx_hal_tim.o
HAL_TIM_OC_DelayElapsedCallback                   build/stm32f3xx_hal_tim.o
HAL_TIM_OC_GetState                               build/stm32f3xx_hal_tim.o
HAL_TIM_OC_Init                                   build/stm32f3xx_hal_tim.o
HAL_TIM_OC_MspDeInit                              build/stm32f3xx_hal_tim.o
HAL_TIM_OC_MspInit                                build/stm32f3xx_hal_tim.o
HAL_TIM_OC_Start                                  build/stm32f3xx_hal_tim.o
HAL_TIM_OC_Start_DMA                              build/stm32f3xx_hal_tim.o
HAL_TIM_OC_Start_IT                               build/stm32f3xx_hal_tim.o
HAL_TIM_OC_Stop                                   build/stm32f3xx_hal_tim.o
HAL_TIM_OC_Stop_DMA                               build/stm32f3xx_hal_tim.o
HAL_TIM_OC_Stop_IT                                build/stm32f3xx_hal_tim.o
HAL_TIM_OnePulse_ConfigChannel                    build/stm32f3xx_hal_tim.o
HAL_TIM_OnePulse_DeInit                           build/stm32f3xx_hal_tim.o
HAL_TIM_OnePulse_GetState                         build/stm32f3xx_hal_tim.o
HAL_TIM_OnePulse_Init                             build/stm32f3xx_hal_tim.o
HAL_TIM_OnePulse_MspDeInit                        build/stm32f3xx_hal_tim.o
HAL_TIM_OnePulse_MspInit                          build/stm32f3xx_hal_tim.o
HAL_TIM_OnePulse_Start                            build/stm32f3xx_hal_tim.o
HAL_TIM_OnePulse_Start_IT                         build/stm32f3xx_hal_tim.o
HAL_TIM_OnePulse_Stop                             build/stm32f3xx_hal_tim.o
HAL_TIM_OnePulse_Stop_IT                          build/stm32f3xx_hal_tim.o
HAL_TIM_PWM_ConfigChannel                         build/stm32f3xx_hal_tim_ex.o
                                                  build/stm32f3xx_hal_tim.o
                                                  build/main.o
HAL_TIM_PWM_DeInit                                build/stm32f3xx_hal_tim.o
HAL_TIM_PWM_GetState                              build/stm32f3xx_hal_tim.o
HAL_TIM_PWM_Init                                  build/stm32f3xx_hal_tim.o
                                                  build/main.o
HAL_TIM_PWM_MspDeInit                             build/stm32f3xx_hal_tim.o
HAL_TIM_PWM_MspInit                               build/stm32f3xx_hal_tim.o
HAL_TIM_PWM_PulseFinishedCallback                 build/stm32f3xx_hal_tim.o
HAL_TIM_PWM_Start                                 build/stm32f3xx_hal_tim.o
                                                  build/main.o
HAL_TIM_PWM_Start_DMA                             build/stm32f3xx_hal_tim.o
HAL_TIM_PWM_Start_IT                              build/stm32f3xx_hal_tim.o
HAL_TIM_PWM_Stop                                  build/stm32f3xx_hal_tim.o
HAL_TIM_PWM_Stop_DMA                              build/stm32f3xx_hal_tim.o
HAL_TIM_PWM_Stop_IT                               build/stm32f3xx_hal_tim.o
HAL_TIM_PeriodElapsedCallback                     build/main.o
                                                  build/stm32f3xx_hal_tim.o
HAL_TIM_ReadCapturedValue                         build/stm32f3xx_hal_tim.o
HAL_TIM_SlaveConfigSynchronization                build/stm32f3xx_hal_tim.o
HAL_TIM_SlaveConfigSynchronization_IT             build/stm32f3xx_hal_tim.o
HAL_TIM_TriggerCallback                           build/stm32f3xx_hal_tim.o
HardFault_Handler                                 build/stm32f3xx_it.o
I2C1_ER_IRQHandler                                build/startup_stm32f303x8.o
I2C1_EV_IRQHandler                                build/startup_stm32f303x8.o
LCD_Clear                                         build/LCD.o
                                                  build/main.o
LCD_Init                                          build/LCD.o
LCD_Set_CGRAM                                     build/LCD.o
LCD_Set_DDRAM_Addr                                build/LCD.o
LCD_Write                                         build/LCD.o
                                                  build/main.o
MemManage_Handler                                 build/stm32f3xx_it.o
NMI_Handler                                       build/stm32f3xx_it.o
PVD_IRQHandler                                    build/startup_stm32f303x8.o
PendSV_Handler                                    build/stm32f3xx_it.o
RCC_IRQHandler                                    build/startup_stm32f303x8.o
RTC_Alarm_IRQHandler                              build/startup_stm32f303x8.o
RTC_WKUP_IRQHandler                               build/startup_stm32f303x8.o
Reset_Handler                                     build/startup_stm32f303x8.o
SPI1_IRQHandler                                   build/startup_stm32f303x8.o
SVC_Handler                                       build/stm32f3xx_it.o
SysTick_Handler                                   build/stm32f3xx_it.o
SystemClock_Config                                build/main.o
SystemCoreClock                                   build/system_stm32f3xx.o
                                                  build/stm32f3xx_hal_rcc.o
                                                  build/stm32f3xx_hal.o
                                                  build/stm32f3xx_hal_rcc_ex.o
SystemCoreClockUpdate                             build/system_stm32f3xx.o
SystemInit                                        build/system_stm32f3xx.o
                                                  build/startup_stm32f303x8.o
TAMP_STAMP_IRQHandler                             build/startup_stm32f303x8.o
TIM1_BRK_TIM15_IRQHandler                         build/startup_stm32f303x8.o
TIM1_CC_IRQHandler                                build/startup_stm32f303x8.o
TIM1_TRG_COM_TIM17_IRQHandler                     build/startup_stm32f303x8.o
TIM1_UP_TIM16_IRQHandler                          build/startup_stm32f303x8.o
TIM2_IRQHandler                                   build/startup_stm32f303x8.o
TIM3_IRQHandler                                   build/startup_stm32f303x8.o
TIM6_DAC1_IRQHandler                              build/stm32f3xx_it.o
TIM7_DAC2_IRQHandler                              build/startup_stm32f303x8.o
TIMEx_DMACommutationCplt                          build/stm32f3xx_hal_tim_ex.o
                                                  build/stm32f3xx_hal_tim.o
TIM_Base_SetConfig                                build/stm32f3xx_hal_tim.o
                                                  build/stm32f3xx_hal_tim_ex.o
TIM_CCxChannelCmd                                 build/stm32f3xx_hal_tim.o
                                                  build/stm32f3xx_hal_tim_ex.o
TIM_DMACaptureCplt                                build/stm32f3xx_hal_tim.o
                                                  build/stm32f3xx_hal_tim_ex.o
TIM_DMADelayPulseCplt                             build/stm32f3xx_hal_tim.o
                                                  build/stm32f3xx_hal_tim_ex.o
TIM_DMAError                                      build/stm32f3xx_hal_tim.o
                                                  build/stm32f3xx_hal_tim_ex.o
TIM_ETR_SetConfig                                 build/stm32f3xx_hal_tim.o
                                                  build/stm32f3xx_hal_tim_ex.o
TIM_OC1_SetConfig                                 build/stm32f3xx_hal_tim.o
                                                  build/stm32f3xx_hal_tim_ex.o
TIM_OC2_SetConfig                                 build/stm32f3xx_hal_tim.o
                                                  build/stm32f3xx_hal_tim_ex.o
TIM_OC3_SetConfig                                 build/stm32f3xx_hal_tim.o
                                                  build/stm32f3xx_hal_tim_ex.o
TIM_OC4_SetConfig                                 build/stm32f3xx_hal_tim.o
                                                  build/stm32f3xx_hal_tim_ex.o
TIM_TI1_SetConfig                                 build/stm32f3xx_hal_tim.o
                                                  build/stm32f3xx_hal_tim_ex.o
USART1_IRQHandler                                 build/startup_stm32f303x8.o
USART2_IRQHandler                                 build/startup_stm32f303x8.o
USART3_IRQHandler                                 build/startup_stm32f303x8.o
UsageFault_Handler                                build/stm32f3xx_it.o
WWDG_IRQHandler                                   build/startup_stm32f303x8.o
_Error_Handler                                    build/main.o
_Jv_RegisterClasses                               /Users/babatatsuya/Applications/gcc-arm-none-eabi-6-2017-q1-update/bin/../lib/gcc/arm-none-eabi/6.3.1/thumb/v7e-m/fpv4-sp/hard/crtbegin.o
__bss_end__                                       /Users/babatatsuya/Applications/gcc-arm-none-eabi-6-2017-q1-update/bin/../lib/gcc/arm-none-eabi/6.3.1/../../../../arm-none-eabi/lib/thumb/v7e-m/fpv4-sp/hard/crt0.o
__bss_start__                                     /Users/babatatsuya/Applications/gcc-arm-none-eabi-6-2017-q1-update/bin/../lib/gcc/arm-none-eabi/6.3.1/../../../../arm-none-eabi/lib/thumb/v7e-m/fpv4-sp/hard/crt0.o
__call_exitprocs                                  /Users/babatatsuya/Applications/gcc-arm-none-eabi-6-2017-q1-update/bin/../lib/gcc/arm-none-eabi/6.3.1/../../../../arm-none-eabi/lib/thumb/v7e-m/fpv4-sp/hard/libc_nano.a(lib_a-exit.o)
__deregister_frame_info                           /Users/babatatsuya/Applications/gcc-arm-none-eabi-6-2017-q1-update/bin/../lib/gcc/arm-none-eabi/6.3.1/thumb/v7e-m/fpv4-sp/hard/crtbegin.o
__dso_handle                                      /Users/babatatsuya/Applications/gcc-arm-none-eabi-6-2017-q1-update/bin/../lib/gcc/arm-none-eabi/6.3.1/thumb/v7e-m/fpv4-sp/hard/crtbegin.o
__init_array_end                                  /Users/babatatsuya/Applications/gcc-arm-none-eabi-6-2017-q1-update/bin/../lib/gcc/arm-none-eabi/6.3.1/../../../../arm-none-eabi/lib/thumb/v7e-m/fpv4-sp/hard/libc_nano.a(lib_a-init.o)
__init_array_start                                /Users/babatatsuya/Applications/gcc-arm-none-eabi-6-2017-q1-update/bin/../lib/gcc/arm-none-eabi/6.3.1/../../../../arm-none-eabi/lib/thumb/v7e-m/fpv4-sp/hard/libc_nano.a(lib_a-init.o)
__libc_fini_array                                 /Users/babatatsuya/Applications/gcc-arm-none-eabi-6-2017-q1-update/bin/../lib/gcc/arm-none-eabi/6.3.1/../../../../arm-none-eabi/lib/thumb/v7e-m/fpv4-sp/hard/crt0.o
__libc_init_array                                 /Users/babatatsuya/Applications/gcc-arm-none-eabi-6-2017-q1-update/bin/../lib/gcc/arm-none-eabi/6.3.1/../../../../arm-none-eabi/lib/thumb/v7e-m/fpv4-sp/hard/libc_nano.a(lib_a-init.o)
                                                  build/startup_stm32f303x8.o
                                                  /Users/babatatsuya/Applications/gcc-arm-none-eabi-6-2017-q1-update/bin/../lib/gcc/arm-none-eabi/6.3.1/../../../../arm-none-eabi/lib/thumb/v7e-m/fpv4-sp/hard/crt0.o
__preinit_array_end                               /Users/babatatsuya/Applications/gcc-arm-none-eabi-6-2017-q1-update/bin/../lib/gcc/arm-none-eabi/6.3.1/../../../../arm-none-eabi/lib/thumb/v7e-m/fpv4-sp/hard/libc_nano.a(lib_a-init.o)
__preinit_array_start                             /Users/babatatsuya/Applications/gcc-arm-none-eabi-6-2017-q1-update/bin/../lib/gcc/arm-none-eabi/6.3.1/../../../../arm-none-eabi/lib/thumb/v7e-m/fpv4-sp/hard/libc_nano.a(lib_a-init.o)
__register_frame_info                             /Users/babatatsuya/Applications/gcc-arm-none-eabi-6-2017-q1-update/bin/../lib/gcc/arm-none-eabi/6.3.1/thumb/v7e-m/fpv4-sp/hard/crtbegin.o
__sf_fake_stderr                                  /Users/babatatsuya/Applications/gcc-arm-none-eabi-6-2017-q1-update/bin/../lib/gcc/arm-none-eabi/6.3.1/../../../../arm-none-eabi/lib/thumb/v7e-m/fpv4-sp/hard/libc_nano.a(lib_a-impure.o)
__sf_fake_stdin                                   /Users/babatatsuya/Applications/gcc-arm-none-eabi-6-2017-q1-update/bin/../lib/gcc/arm-none-eabi/6.3.1/../../../../arm-none-eabi/lib/thumb/v7e-m/fpv4-sp/hard/libc_nano.a(lib_a-impure.o)
__sf_fake_stdout                                  /Users/babatatsuya/Applications/gcc-arm-none-eabi-6-2017-q1-update/bin/../lib/gcc/arm-none-eabi/6.3.1/../../../../arm-none-eabi/lib/thumb/v7e-m/fpv4-sp/hard/libc_nano.a(lib_a-impure.o)
__stack                                           /Users/babatatsuya/Applications/gcc-arm-none-eabi-6-2017-q1-update/bin/../lib/gcc/arm-none-eabi/6.3.1/../../../../arm-none-eabi/lib/thumb/v7e-m/fpv4-sp/hard/crt0.o
_ebss                                             build/startup_stm32f303x8.o
_edata                                            build/startup_stm32f303x8.o
_estack                                           build/startup_stm32f303x8.o
_exit                                             /Users/babatatsuya/Applications/gcc-arm-none-eabi-6-2017-q1-update/bin/../lib/gcc/arm-none-eabi/6.3.1/../../../../arm-none-eabi/lib/thumb/v7e-m/fpv4-sp/hard/libnosys.a(_exit.o)
                                                  /Users/babatatsuya/Applications/gcc-arm-none-eabi-6-2017-q1-update/bin/../lib/gcc/arm-none-eabi/6.3.1/../../../../arm-none-eabi/lib/thumb/v7e-m/fpv4-sp/hard/libc_nano.a(lib_a-exit.o)
_fini                                             /Users/babatatsuya/Applications/gcc-arm-none-eabi-6-2017-q1-update/bin/../lib/gcc/arm-none-eabi/6.3.1/thumb/v7e-m/fpv4-sp/hard/crti.o
_global_impure_ptr                                /Users/babatatsuya/Applications/gcc-arm-none-eabi-6-2017-q1-update/bin/../lib/gcc/arm-none-eabi/6.3.1/../../../../arm-none-eabi/lib/thumb/v7e-m/fpv4-sp/hard/libc_nano.a(lib_a-impure.o)
                                                  /Users/babatatsuya/Applications/gcc-arm-none-eabi-6-2017-q1-update/bin/../lib/gcc/arm-none-eabi/6.3.1/../../../../arm-none-eabi/lib/thumb/v7e-m/fpv4-sp/hard/libc_nano.a(lib_a-exit.o)
_impure_ptr                                       /Users/babatatsuya/Applications/gcc-arm-none-eabi-6-2017-q1-update/bin/../lib/gcc/arm-none-eabi/6.3.1/../../../../arm-none-eabi/lib/thumb/v7e-m/fpv4-sp/hard/libc_nano.a(lib_a-impure.o)
_init                                             /Users/babatatsuya/Applications/gcc-arm-none-eabi-6-2017-q1-update/bin/../lib/gcc/arm-none-eabi/6.3.1/thumb/v7e-m/fpv4-sp/hard/crti.o
                                                  /Users/babatatsuya/Applications/gcc-arm-none-eabi-6-2017-q1-update/bin/../lib/gcc/arm-none-eabi/6.3.1/../../../../arm-none-eabi/lib/thumb/v7e-m/fpv4-sp/hard/libc_nano.a(lib_a-init.o)
_mainCRTStartup                                   /Users/babatatsuya/Applications/gcc-arm-none-eabi-6-2017-q1-update/bin/../lib/gcc/arm-none-eabi/6.3.1/../../../../arm-none-eabi/lib/thumb/v7e-m/fpv4-sp/hard/crt0.o
_sbss                                             build/startup_stm32f303x8.o
_sdata                                            build/startup_stm32f303x8.o
_sidata                                           build/startup_stm32f303x8.o
_start                                            /Users/babatatsuya/Applications/gcc-arm-none-eabi-6-2017-q1-update/bin/../lib/gcc/arm-none-eabi/6.3.1/../../../../arm-none-eabi/lib/thumb/v7e-m/fpv4-sp/hard/crt0.o
aPLLMULFactorTable                                build/stm32f3xx_hal_rcc.o
aPredivFactorTable                                build/stm32f3xx_hal_rcc.o
atexit                                            /Users/babatatsuya/Applications/gcc-arm-none-eabi-6-2017-q1-update/bin/../lib/gcc/arm-none-eabi/6.3.1/../../../../arm-none-eabi/lib/thumb/v7e-m/fpv4-sp/hard/crt0.o
exit                                              /Users/babatatsuya/Applications/gcc-arm-none-eabi-6-2017-q1-update/bin/../lib/gcc/arm-none-eabi/6.3.1/../../../../arm-none-eabi/lib/thumb/v7e-m/fpv4-sp/hard/libc_nano.a(lib_a-exit.o)
                                                  /Users/babatatsuya/Applications/gcc-arm-none-eabi-6-2017-q1-update/bin/../lib/gcc/arm-none-eabi/6.3.1/../../../../arm-none-eabi/lib/thumb/v7e-m/fpv4-sp/hard/crt0.o
g_pfnVectors                                      build/startup_stm32f303x8.o
hardware_init_hook                                /Users/babatatsuya/Applications/gcc-arm-none-eabi-6-2017-q1-update/bin/../lib/gcc/arm-none-eabi/6.3.1/../../../../arm-none-eabi/lib/thumb/v7e-m/fpv4-sp/hard/crt0.o
hi2c1                                             build/main.o
hlcd                                              build/main.o
htim3                                             build/main.o
htim6                                             build/main.o
                                                  build/stm32f3xx_it.o
main                                              build/main.o
                                                  build/startup_stm32f303x8.o
                                                  /Users/babatatsuya/Applications/gcc-arm-none-eabi-6-2017-q1-update/bin/../lib/gcc/arm-none-eabi/6.3.1/../../../../arm-none-eabi/lib/thumb/v7e-m/fpv4-sp/hard/crt0.o
memset                                            /Users/babatatsuya/Applications/gcc-arm-none-eabi-6-2017-q1-update/bin/../lib/gcc/arm-none-eabi/6.3.1/../../../../arm-none-eabi/lib/thumb/v7e-m/fpv4-sp/hard/libc_nano.a(lib_a-memset.o)
                                                  /Users/babatatsuya/Applications/gcc-arm-none-eabi-6-2017-q1-update/bin/../lib/gcc/arm-none-eabi/6.3.1/../../../../arm-none-eabi/lib/thumb/v7e-m/fpv4-sp/hard/crt0.o
pFlash                                            build/stm32f3xx_hal_flash.o
                                                  build/stm32f3xx_hal_flash_ex.o
poll_sensers                                      build/main.o
software_init_hook                                /Users/babatatsuya/Applications/gcc-arm-none-eabi-6-2017-q1-update/bin/../lib/gcc/arm-none-eabi/6.3.1/../../../../arm-none-eabi/lib/thumb/v7e-m/fpv4-sp/hard/crt0.o
uwTick                                            build/stm32f3xx_hal.o
uwTickFreq                                        build/stm32f3xx_hal.o
uwTickPrio                                        build/stm32f3xx_hal.o
